
===========================================================================
 report_power
============================================================================
======================= nom_ff_n40C_5v50 Corner ===================================

Group                    Internal    Switching      Leakage        Total
                            Power        Power        Power        Power (Watts)
------------------------------------------------------------------------
Sequential           8.789548e-02 2.872846e-02 5.489912e-07 1.166245e-01   2.2%
Combinational        2.687934e+00 2.539464e+00 3.691673e-06 5.227402e+00  96.9%
Clock                2.753389e-02 2.054936e-02 2.681948e-06 4.808593e-02   0.9%
Macro                0.000000e+00 0.000000e+00 0.000000e+00 0.000000e+00   0.0%
Pad                  0.000000e+00 0.000000e+00 0.000000e+00 0.000000e+00   0.0%
------------------------------------------------------------------------
Total                2.803366e+00 2.588741e+00 6.923317e-06 5.392114e+00 100.0%
                            52.0%        48.0%         0.0%

