
===========================================================================
report_checks -unconstrained
===========================================================================
======================= nom_ss_125C_4v50 Corner ===================================

Startpoint: wbs_we_i (input port clocked by wb_clk_i)
Endpoint: _20770_ (rising edge-triggered flip-flop clocked by wb_clk_i)
Path Group: wb_clk_i
Path Type: max

Fanout         Cap        Slew       Delay        Time   Description
---------------------------------------------------------------------------------------------
                                  0.000000    0.000000   clock wb_clk_i (rise edge)
                                  0.000000    0.000000   clock network delay (propagated)
                                  3.000000    3.000000 ^ input external delay
     1    0.008797    0.326929    0.147233    3.147233 ^ wbs_we_i (in)
                                                         wbs_we_i (net)
                      0.326929    0.000000    3.147233 ^ input39/I (gf180mcu_fd_sc_mcu7t5v0__buf_2)
     2    0.054310    0.800867    0.750000    3.897233 ^ input39/Z (gf180mcu_fd_sc_mcu7t5v0__buf_2)
                                                         net39 (net)
                      0.800962    0.005056    3.902289 ^ fanout6285/I (gf180mcu_fd_sc_mcu7t5v0__buf_2)
     4    0.030920    0.491993    0.623042    4.525331 ^ fanout6285/Z (gf180mcu_fd_sc_mcu7t5v0__buf_2)
                                                         net6285 (net)
                      0.491994    0.001093    4.526424 ^ _10098_/I (gf180mcu_fd_sc_mcu7t5v0__inv_1)
     2    0.097911    1.599090    1.152226    5.678650 v _10098_/ZN (gf180mcu_fd_sc_mcu7t5v0__inv_1)
                                                         _02776_ (net)
                      1.599090    0.000671    5.679321 v fanout6271/I (gf180mcu_fd_sc_mcu7t5v0__buf_2)
     4    0.112629    0.944642    1.358542    7.037863 v fanout6271/Z (gf180mcu_fd_sc_mcu7t5v0__buf_2)
                                                         net6271 (net)
                      0.944647    0.001246    7.039110 v fanout6270/I (gf180mcu_fd_sc_mcu7t5v0__buf_2)
     3    0.048888    0.465111    0.865233    7.904342 v fanout6270/Z (gf180mcu_fd_sc_mcu7t5v0__buf_2)
                                                         net6270 (net)
                      0.465114    0.000682    7.905025 v fanout6269/I (gf180mcu_fd_sc_mcu7t5v0__buf_2)
     3    0.028285    0.308238    0.607425    8.512449 v fanout6269/Z (gf180mcu_fd_sc_mcu7t5v0__buf_2)
                                                         net6269 (net)
                      0.308238    0.000240    8.512690 v fanout6268/I (gf180mcu_fd_sc_mcu7t5v0__buf_2)
     2    0.015531    0.214930    0.479186    8.991876 v fanout6268/Z (gf180mcu_fd_sc_mcu7t5v0__buf_2)
                                                         net6268 (net)
                      0.214930    0.000315    8.992191 v fanout6266/I (gf180mcu_fd_sc_mcu7t5v0__buf_2)
     4    0.035369    0.356123    0.564444    9.556635 v fanout6266/Z (gf180mcu_fd_sc_mcu7t5v0__buf_2)
                                                         net6266 (net)
                      0.356138    0.001365    9.558000 v _10769_/A1 (gf180mcu_fd_sc_mcu7t5v0__and2_2)
     1    0.009120    0.186353    0.490745   10.048745 v _10769_/Z (gf180mcu_fd_sc_mcu7t5v0__and2_2)
                                                         _03295_ (net)
                      0.186353    0.000228   10.048973 v fanout5483/I (gf180mcu_fd_sc_mcu7t5v0__buf_2)
     2    0.043020    0.411708    0.597688   10.646662 v fanout5483/Z (gf180mcu_fd_sc_mcu7t5v0__buf_2)
                                                         net5483 (net)
                      0.411711    0.000639   10.647301 v fanout5482/I (gf180mcu_fd_sc_mcu7t5v0__buf_2)
     2    0.082628    0.708972    0.876352   11.523653 v fanout5482/Z (gf180mcu_fd_sc_mcu7t5v0__buf_2)
                                                         net5482 (net)
                      0.708972    0.000568   11.524222 v fanout5477/I (gf180mcu_fd_sc_mcu7t5v0__buf_2)
     2    0.025684    0.295454    0.666915   12.191136 v fanout5477/Z (gf180mcu_fd_sc_mcu7t5v0__buf_2)
                                                         net5477 (net)
                      0.295454    0.000385   12.191521 v fanout5476/I (gf180mcu_fd_sc_mcu7t5v0__buf_2)
     2    0.021213    0.256335    0.509139   12.700661 v fanout5476/Z (gf180mcu_fd_sc_mcu7t5v0__buf_2)
                                                         net5476 (net)
                      0.256335    0.000492   12.701153 v fanout5475/I (gf180mcu_fd_sc_mcu7t5v0__buf_2)
     4    0.052944    0.485690    0.672041   13.373194 v fanout5475/Z (gf180mcu_fd_sc_mcu7t5v0__buf_2)
                                                         net5475 (net)
                      0.485707    0.001668   13.374862 v _10773_/A2 (gf180mcu_fd_sc_mcu7t5v0__nand2_2)
     1    0.025059    0.544828    0.494723   13.869585 ^ _10773_/ZN (gf180mcu_fd_sc_mcu7t5v0__nand2_2)
                                                         _03299_ (net)
                      0.544829    0.001283   13.870868 ^ fanout5030/I (gf180mcu_fd_sc_mcu7t5v0__buf_2)
     2    0.022842    0.383557    0.533067   14.403934 ^ fanout5030/Z (gf180mcu_fd_sc_mcu7t5v0__buf_2)
                                                         net5030 (net)
                      0.383557    0.000653   14.404587 ^ fanout5024/I (gf180mcu_fd_sc_mcu7t5v0__buf_2)
     3    0.089708    1.279277    1.048185   15.452772 ^ fanout5024/Z (gf180mcu_fd_sc_mcu7t5v0__buf_2)
                                                         net5024 (net)
                      1.279454    0.008804   15.461576 ^ fanout5023/I (gf180mcu_fd_sc_mcu7t5v0__buf_2)
     4    0.104528    1.482898    1.252072   16.713648 ^ fanout5023/Z (gf180mcu_fd_sc_mcu7t5v0__buf_2)
                                                         net5023 (net)
                      1.482920    0.003338   16.716986 ^ fanout5022/I (gf180mcu_fd_sc_mcu7t5v0__buf_2)
     4    0.091121    1.300025    1.147795   17.864780 ^ fanout5022/Z (gf180mcu_fd_sc_mcu7t5v0__buf_2)
                                                         net5022 (net)
                      1.300025    0.001307   17.866087 ^ fanout5021/I (gf180mcu_fd_sc_mcu7t5v0__buf_2)
     4    0.058132    0.857170    0.876250   18.742338 ^ fanout5021/Z (gf180mcu_fd_sc_mcu7t5v0__buf_2)
                                                         net5021 (net)
                      0.857179    0.001592   18.743929 ^ _10903_/A2 (gf180mcu_fd_sc_mcu7t5v0__oai222_1)
     1    0.011516    0.963434    0.766486   19.510416 v _10903_/ZN (gf180mcu_fd_sc_mcu7t5v0__oai222_1)
                                                         _03417_ (net)
                      0.963434    0.000247   19.510662 v _10904_/A2 (gf180mcu_fd_sc_mcu7t5v0__nand2_2)
     1    0.010193    0.441927    0.494318   20.004980 ^ _10904_/ZN (gf180mcu_fd_sc_mcu7t5v0__nand2_2)
                                                         _03418_ (net)
                      0.441927    0.000217   20.005196 ^ _10905_/C (gf180mcu_fd_sc_mcu7t5v0__oai221_2)
     1    0.013999    0.732905    0.587223   20.592419 v _10905_/ZN (gf180mcu_fd_sc_mcu7t5v0__oai221_2)
                                                         _03419_ (net)
                      0.732905    0.000387   20.592806 v _10907_/A2 (gf180mcu_fd_sc_mcu7t5v0__aoi211_2)
     1    0.008501    1.029467    0.757758   21.350565 ^ _10907_/ZN (gf180mcu_fd_sc_mcu7t5v0__aoi211_2)
                                                         _03421_ (net)
                      1.029467    0.000092   21.350657 ^ _10908_/C (gf180mcu_fd_sc_mcu7t5v0__aoi211_2)
     1    0.010319    0.632377    0.515495   21.866152 v _10908_/ZN (gf180mcu_fd_sc_mcu7t5v0__aoi211_2)
                                                         _03422_ (net)
                      0.632377    0.000234   21.866386 v _10909_/C (gf180mcu_fd_sc_mcu7t5v0__aoi211_2)
     1    0.004843    0.892578    0.798508   22.664894 ^ _10909_/ZN (gf180mcu_fd_sc_mcu7t5v0__aoi211_2)
                                                         _00163_ (net)
                      0.892578    0.000105   22.664999 ^ _20770_/D (gf180mcu_fd_sc_mcu7t5v0__dffq_1)
                                             22.664999   data arrival time

                                 15.000000   15.000000   clock wb_clk_i (rise edge)
                                  0.000000   15.000000   clock source latency
     1    0.127992    0.917467    0.491818   15.491818 ^ wb_clk_i (in)
                                                         wb_clk_i (net)
                      0.920211    0.000000   15.491818 ^ clkbuf_0_wb_clk_i/I (gf180mcu_fd_sc_mcu7t5v0__clkbuf_16)
     4    0.191494    0.431340    0.706562   16.198380 ^ clkbuf_0_wb_clk_i/Z (gf180mcu_fd_sc_mcu7t5v0__clkbuf_16)
                                                         clknet_0_wb_clk_i (net)
                      0.431438    0.007075   16.205456 ^ clkbuf_2_1_0_wb_clk_i/I (gf180mcu_fd_sc_mcu7t5v0__clkbuf_8)
     8    0.271349    0.989498    0.931378   17.136833 ^ clkbuf_2_1_0_wb_clk_i/Z (gf180mcu_fd_sc_mcu7t5v0__clkbuf_8)
                                                         clknet_2_1_0_wb_clk_i (net)
                      0.989570    0.004418   17.141251 ^ clkbuf_5_9__f_wb_clk_i/I (gf180mcu_fd_sc_mcu7t5v0__clkbuf_16)
     3    0.058627    0.235079    0.582196   17.723446 ^ clkbuf_5_9__f_wb_clk_i/Z (gf180mcu_fd_sc_mcu7t5v0__clkbuf_16)
                                                         clknet_5_9__leaf_wb_clk_i (net)
                      0.235080    0.000940   17.724386 ^ clkbuf_leaf_8_wb_clk_i/I (gf180mcu_fd_sc_mcu7t5v0__clkbuf_8)
    15    0.090050    0.399136    0.551960   18.276346 ^ clkbuf_leaf_8_wb_clk_i/Z (gf180mcu_fd_sc_mcu7t5v0__clkbuf_8)
                                                         clknet_leaf_8_wb_clk_i (net)
                      0.399136    0.000599   18.276945 ^ _20770_/CLK (gf180mcu_fd_sc_mcu7t5v0__dffq_1)
                                 -0.250000   18.026945   clock uncertainty
                                  0.000000   18.026945   clock reconvergence pessimism
                                 -0.479047   17.547897   library setup time
                                             17.547897   data required time
---------------------------------------------------------------------------------------------
                                             17.547897   data required time
                                            -22.664999   data arrival time
---------------------------------------------------------------------------------------------
                                             -5.117102   slack (VIOLATED)




===========================================================================
report_checks --slack_max -0.01
============================================================================
======================= nom_ss_125C_4v50 Corner ===================================

Startpoint: wbs_we_i (input port clocked by wb_clk_i)
Endpoint: _20770_ (rising edge-triggered flip-flop clocked by wb_clk_i)
Path Group: wb_clk_i
Path Type: max

Fanout         Cap        Slew       Delay        Time   Description
---------------------------------------------------------------------------------------------
                                  0.000000    0.000000   clock wb_clk_i (rise edge)
                                  0.000000    0.000000   clock network delay (propagated)
                                  3.000000    3.000000 ^ input external delay
     1    0.008797    0.326929    0.147233    3.147233 ^ wbs_we_i (in)
                                                         wbs_we_i (net)
                      0.326929    0.000000    3.147233 ^ input39/I (gf180mcu_fd_sc_mcu7t5v0__buf_2)
     2    0.054310    0.800867    0.750000    3.897233 ^ input39/Z (gf180mcu_fd_sc_mcu7t5v0__buf_2)
                                                         net39 (net)
                      0.800962    0.005056    3.902289 ^ fanout6285/I (gf180mcu_fd_sc_mcu7t5v0__buf_2)
     4    0.030920    0.491993    0.623042    4.525331 ^ fanout6285/Z (gf180mcu_fd_sc_mcu7t5v0__buf_2)
                                                         net6285 (net)
                      0.491994    0.001093    4.526424 ^ _10098_/I (gf180mcu_fd_sc_mcu7t5v0__inv_1)
     2    0.097911    1.599090    1.152226    5.678650 v _10098_/ZN (gf180mcu_fd_sc_mcu7t5v0__inv_1)
                                                         _02776_ (net)
                      1.599090    0.000671    5.679321 v fanout6271/I (gf180mcu_fd_sc_mcu7t5v0__buf_2)
     4    0.112629    0.944642    1.358542    7.037863 v fanout6271/Z (gf180mcu_fd_sc_mcu7t5v0__buf_2)
                                                         net6271 (net)
                      0.944647    0.001246    7.039110 v fanout6270/I (gf180mcu_fd_sc_mcu7t5v0__buf_2)
     3    0.048888    0.465111    0.865233    7.904342 v fanout6270/Z (gf180mcu_fd_sc_mcu7t5v0__buf_2)
                                                         net6270 (net)
                      0.465114    0.000682    7.905025 v fanout6269/I (gf180mcu_fd_sc_mcu7t5v0__buf_2)
     3    0.028285    0.308238    0.607425    8.512449 v fanout6269/Z (gf180mcu_fd_sc_mcu7t5v0__buf_2)
                                                         net6269 (net)
                      0.308238    0.000240    8.512690 v fanout6268/I (gf180mcu_fd_sc_mcu7t5v0__buf_2)
     2    0.015531    0.214930    0.479186    8.991876 v fanout6268/Z (gf180mcu_fd_sc_mcu7t5v0__buf_2)
                                                         net6268 (net)
                      0.214930    0.000315    8.992191 v fanout6266/I (gf180mcu_fd_sc_mcu7t5v0__buf_2)
     4    0.035369    0.356123    0.564444    9.556635 v fanout6266/Z (gf180mcu_fd_sc_mcu7t5v0__buf_2)
                                                         net6266 (net)
                      0.356138    0.001365    9.558000 v _10769_/A1 (gf180mcu_fd_sc_mcu7t5v0__and2_2)
     1    0.009120    0.186353    0.490745   10.048745 v _10769_/Z (gf180mcu_fd_sc_mcu7t5v0__and2_2)
                                                         _03295_ (net)
                      0.186353    0.000228   10.048973 v fanout5483/I (gf180mcu_fd_sc_mcu7t5v0__buf_2)
     2    0.043020    0.411708    0.597688   10.646662 v fanout5483/Z (gf180mcu_fd_sc_mcu7t5v0__buf_2)
                                                         net5483 (net)
                      0.411711    0.000639   10.647301 v fanout5482/I (gf180mcu_fd_sc_mcu7t5v0__buf_2)
     2    0.082628    0.708972    0.876352   11.523653 v fanout5482/Z (gf180mcu_fd_sc_mcu7t5v0__buf_2)
                                                         net5482 (net)
                      0.708972    0.000568   11.524222 v fanout5477/I (gf180mcu_fd_sc_mcu7t5v0__buf_2)
     2    0.025684    0.295454    0.666915   12.191136 v fanout5477/Z (gf180mcu_fd_sc_mcu7t5v0__buf_2)
                                                         net5477 (net)
                      0.295454    0.000385   12.191521 v fanout5476/I (gf180mcu_fd_sc_mcu7t5v0__buf_2)
     2    0.021213    0.256335    0.509139   12.700661 v fanout5476/Z (gf180mcu_fd_sc_mcu7t5v0__buf_2)
                                                         net5476 (net)
                      0.256335    0.000492   12.701153 v fanout5475/I (gf180mcu_fd_sc_mcu7t5v0__buf_2)
     4    0.052944    0.485690    0.672041   13.373194 v fanout5475/Z (gf180mcu_fd_sc_mcu7t5v0__buf_2)
                                                         net5475 (net)
                      0.485707    0.001668   13.374862 v _10773_/A2 (gf180mcu_fd_sc_mcu7t5v0__nand2_2)
     1    0.025059    0.544828    0.494723   13.869585 ^ _10773_/ZN (gf180mcu_fd_sc_mcu7t5v0__nand2_2)
                                                         _03299_ (net)
                      0.544829    0.001283   13.870868 ^ fanout5030/I (gf180mcu_fd_sc_mcu7t5v0__buf_2)
     2    0.022842    0.383557    0.533067   14.403934 ^ fanout5030/Z (gf180mcu_fd_sc_mcu7t5v0__buf_2)
                                                         net5030 (net)
                      0.383557    0.000653   14.404587 ^ fanout5024/I (gf180mcu_fd_sc_mcu7t5v0__buf_2)
     3    0.089708    1.279277    1.048185   15.452772 ^ fanout5024/Z (gf180mcu_fd_sc_mcu7t5v0__buf_2)
                                                         net5024 (net)
                      1.279454    0.008804   15.461576 ^ fanout5023/I (gf180mcu_fd_sc_mcu7t5v0__buf_2)
     4    0.104528    1.482898    1.252072   16.713648 ^ fanout5023/Z (gf180mcu_fd_sc_mcu7t5v0__buf_2)
                                                         net5023 (net)
                      1.482920    0.003338   16.716986 ^ fanout5022/I (gf180mcu_fd_sc_mcu7t5v0__buf_2)
     4    0.091121    1.300025    1.147795   17.864780 ^ fanout5022/Z (gf180mcu_fd_sc_mcu7t5v0__buf_2)
                                                         net5022 (net)
                      1.300025    0.001307   17.866087 ^ fanout5021/I (gf180mcu_fd_sc_mcu7t5v0__buf_2)
     4    0.058132    0.857170    0.876250   18.742338 ^ fanout5021/Z (gf180mcu_fd_sc_mcu7t5v0__buf_2)
                                                         net5021 (net)
                      0.857179    0.001592   18.743929 ^ _10903_/A2 (gf180mcu_fd_sc_mcu7t5v0__oai222_1)
     1    0.011516    0.963434    0.766486   19.510416 v _10903_/ZN (gf180mcu_fd_sc_mcu7t5v0__oai222_1)
                                                         _03417_ (net)
                      0.963434    0.000247   19.510662 v _10904_/A2 (gf180mcu_fd_sc_mcu7t5v0__nand2_2)
     1    0.010193    0.441927    0.494318   20.004980 ^ _10904_/ZN (gf180mcu_fd_sc_mcu7t5v0__nand2_2)
                                                         _03418_ (net)
                      0.441927    0.000217   20.005196 ^ _10905_/C (gf180mcu_fd_sc_mcu7t5v0__oai221_2)
     1    0.013999    0.732905    0.587223   20.592419 v _10905_/ZN (gf180mcu_fd_sc_mcu7t5v0__oai221_2)
                                                         _03419_ (net)
                      0.732905    0.000387   20.592806 v _10907_/A2 (gf180mcu_fd_sc_mcu7t5v0__aoi211_2)
     1    0.008501    1.029467    0.757758   21.350565 ^ _10907_/ZN (gf180mcu_fd_sc_mcu7t5v0__aoi211_2)
                                                         _03421_ (net)
                      1.029467    0.000092   21.350657 ^ _10908_/C (gf180mcu_fd_sc_mcu7t5v0__aoi211_2)
     1    0.010319    0.632377    0.515495   21.866152 v _10908_/ZN (gf180mcu_fd_sc_mcu7t5v0__aoi211_2)
                                                         _03422_ (net)
                      0.632377    0.000234   21.866386 v _10909_/C (gf180mcu_fd_sc_mcu7t5v0__aoi211_2)
     1    0.004843    0.892578    0.798508   22.664894 ^ _10909_/ZN (gf180mcu_fd_sc_mcu7t5v0__aoi211_2)
                                                         _00163_ (net)
                      0.892578    0.000105   22.664999 ^ _20770_/D (gf180mcu_fd_sc_mcu7t5v0__dffq_1)
                                             22.664999   data arrival time

                                 15.000000   15.000000   clock wb_clk_i (rise edge)
                                  0.000000   15.000000   clock source latency
     1    0.127992    0.917467    0.491818   15.491818 ^ wb_clk_i (in)
                                                         wb_clk_i (net)
                      0.920211    0.000000   15.491818 ^ clkbuf_0_wb_clk_i/I (gf180mcu_fd_sc_mcu7t5v0__clkbuf_16)
     4    0.191494    0.431340    0.706562   16.198380 ^ clkbuf_0_wb_clk_i/Z (gf180mcu_fd_sc_mcu7t5v0__clkbuf_16)
                                                         clknet_0_wb_clk_i (net)
                      0.431438    0.007075   16.205456 ^ clkbuf_2_1_0_wb_clk_i/I (gf180mcu_fd_sc_mcu7t5v0__clkbuf_8)
     8    0.271349    0.989498    0.931378   17.136833 ^ clkbuf_2_1_0_wb_clk_i/Z (gf180mcu_fd_sc_mcu7t5v0__clkbuf_8)
                                                         clknet_2_1_0_wb_clk_i (net)
                      0.989570    0.004418   17.141251 ^ clkbuf_5_9__f_wb_clk_i/I (gf180mcu_fd_sc_mcu7t5v0__clkbuf_16)
     3    0.058627    0.235079    0.582196   17.723446 ^ clkbuf_5_9__f_wb_clk_i/Z (gf180mcu_fd_sc_mcu7t5v0__clkbuf_16)
                                                         clknet_5_9__leaf_wb_clk_i (net)
                      0.235080    0.000940   17.724386 ^ clkbuf_leaf_8_wb_clk_i/I (gf180mcu_fd_sc_mcu7t5v0__clkbuf_8)
    15    0.090050    0.399136    0.551960   18.276346 ^ clkbuf_leaf_8_wb_clk_i/Z (gf180mcu_fd_sc_mcu7t5v0__clkbuf_8)
                                                         clknet_leaf_8_wb_clk_i (net)
                      0.399136    0.000599   18.276945 ^ _20770_/CLK (gf180mcu_fd_sc_mcu7t5v0__dffq_1)
                                 -0.250000   18.026945   clock uncertainty
                                  0.000000   18.026945   clock reconvergence pessimism
                                 -0.479047   17.547897   library setup time
                                             17.547897   data required time
---------------------------------------------------------------------------------------------
                                             17.547897   data required time
                                            -22.664999   data arrival time
---------------------------------------------------------------------------------------------
                                             -5.117102   slack (VIOLATED)




===========================================================================
 report_check_types -max_slew -max_cap -max_fanout -violators
============================================================================
======================= nom_ss_125C_4v50 Corner ===================================

max fanout

Pin                                   Limit Fanout  Slack
---------------------------------------------------------
clkbuf_leaf_15_wb_clk_i/Z                 4     17    -13 (VIOLATED)
clkbuf_leaf_21_wb_clk_i/Z                 4     17    -13 (VIOLATED)
clkbuf_leaf_75_wb_clk_i/Z                 4     17    -13 (VIOLATED)
clkbuf_leaf_13_wb_clk_i/Z                 4     16    -12 (VIOLATED)
clkbuf_leaf_1_wb_clk_i/Z                  4     16    -12 (VIOLATED)
clkbuf_leaf_23_wb_clk_i/Z                 4     16    -12 (VIOLATED)
clkbuf_leaf_28_wb_clk_i/Z                 4     16    -12 (VIOLATED)
clkbuf_leaf_2_wb_clk_i/Z                  4     16    -12 (VIOLATED)
clkbuf_leaf_3_wb_clk_i/Z                  4     16    -12 (VIOLATED)
clkbuf_leaf_53_wb_clk_i/Z                 4     16    -12 (VIOLATED)
clkbuf_leaf_55_wb_clk_i/Z                 4     16    -12 (VIOLATED)
clkbuf_leaf_68_wb_clk_i/Z                 4     16    -12 (VIOLATED)
clkbuf_leaf_6_wb_clk_i/Z                  4     16    -12 (VIOLATED)
clkbuf_leaf_10_wb_clk_i/Z                 4     15    -11 (VIOLATED)
clkbuf_leaf_11_wb_clk_i/Z                 4     15    -11 (VIOLATED)
clkbuf_leaf_16_wb_clk_i/Z                 4     15    -11 (VIOLATED)
clkbuf_leaf_24_wb_clk_i/Z                 4     15    -11 (VIOLATED)
clkbuf_leaf_26_wb_clk_i/Z                 4     15    -11 (VIOLATED)
clkbuf_leaf_37_wb_clk_i/Z                 4     15    -11 (VIOLATED)
clkbuf_leaf_41_wb_clk_i/Z                 4     15    -11 (VIOLATED)
clkbuf_leaf_46_wb_clk_i/Z                 4     15    -11 (VIOLATED)
clkbuf_leaf_47_wb_clk_i/Z                 4     15    -11 (VIOLATED)
clkbuf_leaf_48_wb_clk_i/Z                 4     15    -11 (VIOLATED)
clkbuf_leaf_49_wb_clk_i/Z                 4     15    -11 (VIOLATED)
clkbuf_leaf_52_wb_clk_i/Z                 4     15    -11 (VIOLATED)
clkbuf_leaf_58_wb_clk_i/Z                 4     15    -11 (VIOLATED)
clkbuf_leaf_60_wb_clk_i/Z                 4     15    -11 (VIOLATED)
clkbuf_leaf_61_wb_clk_i/Z                 4     15    -11 (VIOLATED)
clkbuf_leaf_64_wb_clk_i/Z                 4     15    -11 (VIOLATED)
clkbuf_leaf_66_wb_clk_i/Z                 4     15    -11 (VIOLATED)
clkbuf_leaf_71_wb_clk_i/Z                 4     15    -11 (VIOLATED)
clkbuf_leaf_73_wb_clk_i/Z                 4     15    -11 (VIOLATED)
clkbuf_leaf_74_wb_clk_i/Z                 4     15    -11 (VIOLATED)
clkbuf_leaf_77_wb_clk_i/Z                 4     15    -11 (VIOLATED)
clkbuf_leaf_78_wb_clk_i/Z                 4     15    -11 (VIOLATED)
clkbuf_leaf_8_wb_clk_i/Z                  4     15    -11 (VIOLATED)
clkbuf_leaf_12_wb_clk_i/Z                 4     14    -10 (VIOLATED)
clkbuf_leaf_17_wb_clk_i/Z                 4     14    -10 (VIOLATED)
clkbuf_leaf_22_wb_clk_i/Z                 4     14    -10 (VIOLATED)
clkbuf_leaf_25_wb_clk_i/Z                 4     14    -10 (VIOLATED)
clkbuf_leaf_29_wb_clk_i/Z                 4     14    -10 (VIOLATED)
clkbuf_leaf_30_wb_clk_i/Z                 4     14    -10 (VIOLATED)
clkbuf_leaf_31_wb_clk_i/Z                 4     14    -10 (VIOLATED)
clkbuf_leaf_40_wb_clk_i/Z                 4     14    -10 (VIOLATED)
clkbuf_leaf_42_wb_clk_i/Z                 4     14    -10 (VIOLATED)
clkbuf_leaf_43_wb_clk_i/Z                 4     14    -10 (VIOLATED)
clkbuf_leaf_44_wb_clk_i/Z                 4     14    -10 (VIOLATED)
clkbuf_leaf_45_wb_clk_i/Z                 4     14    -10 (VIOLATED)
clkbuf_leaf_51_wb_clk_i/Z                 4     14    -10 (VIOLATED)
clkbuf_leaf_5_wb_clk_i/Z                  4     14    -10 (VIOLATED)
clkbuf_leaf_62_wb_clk_i/Z                 4     14    -10 (VIOLATED)
clkbuf_leaf_65_wb_clk_i/Z                 4     14    -10 (VIOLATED)
clkbuf_leaf_67_wb_clk_i/Z                 4     14    -10 (VIOLATED)
clkbuf_leaf_7_wb_clk_i/Z                  4     14    -10 (VIOLATED)
clkbuf_leaf_0_wb_clk_i/Z                  4     13     -9 (VIOLATED)
clkbuf_leaf_14_wb_clk_i/Z                 4     13     -9 (VIOLATED)
clkbuf_leaf_18_wb_clk_i/Z                 4     13     -9 (VIOLATED)
clkbuf_leaf_20_wb_clk_i/Z                 4     13     -9 (VIOLATED)
clkbuf_leaf_27_wb_clk_i/Z                 4     13     -9 (VIOLATED)
clkbuf_leaf_32_wb_clk_i/Z                 4     13     -9 (VIOLATED)
clkbuf_leaf_33_wb_clk_i/Z                 4     13     -9 (VIOLATED)
clkbuf_leaf_36_wb_clk_i/Z                 4     13     -9 (VIOLATED)
clkbuf_leaf_38_wb_clk_i/Z                 4     13     -9 (VIOLATED)
clkbuf_leaf_39_wb_clk_i/Z                 4     13     -9 (VIOLATED)
clkbuf_leaf_4_wb_clk_i/Z                  4     13     -9 (VIOLATED)
clkbuf_leaf_54_wb_clk_i/Z                 4     13     -9 (VIOLATED)
clkbuf_leaf_56_wb_clk_i/Z                 4     13     -9 (VIOLATED)
clkbuf_leaf_57_wb_clk_i/Z                 4     13     -9 (VIOLATED)
clkbuf_leaf_59_wb_clk_i/Z                 4     13     -9 (VIOLATED)
clkbuf_leaf_63_wb_clk_i/Z                 4     13     -9 (VIOLATED)
clkbuf_leaf_69_wb_clk_i/Z                 4     13     -9 (VIOLATED)
clkbuf_leaf_72_wb_clk_i/Z                 4     13     -9 (VIOLATED)
clkbuf_leaf_76_wb_clk_i/Z                 4     13     -9 (VIOLATED)
clkbuf_leaf_79_wb_clk_i/Z                 4     13     -9 (VIOLATED)
clkbuf_leaf_9_wb_clk_i/Z                  4     13     -9 (VIOLATED)
clkbuf_leaf_80_wb_clk_i/Z                 4     11     -7 (VIOLATED)
clkbuf_leaf_19_wb_clk_i/Z                 4     10     -6 (VIOLATED)
clkbuf_leaf_50_wb_clk_i/Z                 4     10     -6 (VIOLATED)
clkbuf_leaf_81_wb_clk_i/Z                 4     10     -6 (VIOLATED)
clkbuf_leaf_70_wb_clk_i/Z                 4      9     -5 (VIOLATED)
clkbuf_leaf_82_wb_clk_i/Z                 4      9     -5 (VIOLATED)
clkbuf_2_0_0_wb_clk_i/Z                   4      8     -4 (VIOLATED)
clkbuf_2_1_0_wb_clk_i/Z                   4      8     -4 (VIOLATED)
clkbuf_2_2_0_wb_clk_i/Z                   4      8     -4 (VIOLATED)
clkbuf_2_3_0_wb_clk_i/Z                   4      8     -4 (VIOLATED)
clkbuf_leaf_35_wb_clk_i/Z                 4      8     -4 (VIOLATED)
clkbuf_leaf_34_wb_clk_i/Z                 4      7     -3 (VIOLATED)



===========================================================================
report_parasitic_annotation -report_unannotated
============================================================================
Found 257 unannotated drivers.
 io_in[0]
 io_in[10]
 io_in[11]
 io_in[12]
 io_in[13]
 io_in[14]
 io_in[15]
 io_in[16]
 io_in[17]
 io_in[18]
 io_in[19]
 io_in[1]
 io_in[20]
 io_in[21]
 io_in[22]
 io_in[23]
 io_in[24]
 io_in[25]
 io_in[26]
 io_in[27]
 io_in[28]
 io_in[29]
 io_in[2]
 io_in[30]
 io_in[31]
 io_in[32]
 io_in[33]
 io_in[34]
 io_in[35]
 io_in[36]
 io_in[37]
 io_in[3]
 io_in[4]
 io_in[5]
 io_in[6]
 io_in[7]
 io_in[8]
 io_in[9]
 la_data_in[0]
 la_data_in[10]
 la_data_in[11]
 la_data_in[12]
 la_data_in[13]
 la_data_in[14]
 la_data_in[15]
 la_data_in[16]
 la_data_in[17]
 la_data_in[18]
 la_data_in[19]
 la_data_in[1]
 la_data_in[20]
 la_data_in[21]
 la_data_in[22]
 la_data_in[23]
 la_data_in[24]
 la_data_in[25]
 la_data_in[26]
 la_data_in[27]
 la_data_in[28]
 la_data_in[29]
 la_data_in[2]
 la_data_in[30]
 la_data_in[31]
 la_data_in[32]
 la_data_in[33]
 la_data_in[34]
 la_data_in[35]
 la_data_in[36]
 la_data_in[37]
 la_data_in[38]
 la_data_in[39]
 la_data_in[3]
 la_data_in[40]
 la_data_in[41]
 la_data_in[42]
 la_data_in[43]
 la_data_in[44]
 la_data_in[45]
 la_data_in[46]
 la_data_in[47]
 la_data_in[48]
 la_data_in[49]
 la_data_in[4]
 la_data_in[50]
 la_data_in[51]
 la_data_in[52]
 la_data_in[53]
 la_data_in[54]
 la_data_in[55]
 la_data_in[56]
 la_data_in[57]
 la_data_in[58]
 la_data_in[59]
 la_data_in[5]
 la_data_in[60]
 la_data_in[61]
 la_data_in[62]
 la_data_in[63]
 la_data_in[6]
 la_data_in[7]
 la_data_in[8]
 la_data_in[9]
 la_oenb[0]
 la_oenb[10]
 la_oenb[11]
 la_oenb[12]
 la_oenb[13]
 la_oenb[14]
 la_oenb[15]
 la_oenb[16]
 la_oenb[17]
 la_oenb[18]
 la_oenb[19]
 la_oenb[1]
 la_oenb[20]
 la_oenb[21]
 la_oenb[22]
 la_oenb[23]
 la_oenb[24]
 la_oenb[25]
 la_oenb[26]
 la_oenb[27]
 la_oenb[28]
 la_oenb[29]
 la_oenb[2]
 la_oenb[30]
 la_oenb[31]
 la_oenb[32]
 la_oenb[33]
 la_oenb[34]
 la_oenb[35]
 la_oenb[36]
 la_oenb[37]
 la_oenb[38]
 la_oenb[39]
 la_oenb[3]
 la_oenb[40]
 la_oenb[41]
 la_oenb[42]
 la_oenb[43]
 la_oenb[44]
 la_oenb[45]
 la_oenb[46]
 la_oenb[47]
 la_oenb[48]
 la_oenb[49]
 la_oenb[4]
 la_oenb[50]
 la_oenb[51]
 la_oenb[52]
 la_oenb[53]
 la_oenb[54]
 la_oenb[55]
 la_oenb[56]
 la_oenb[57]
 la_oenb[58]
 la_oenb[59]
 la_oenb[5]
 la_oenb[60]
 la_oenb[61]
 la_oenb[62]
 la_oenb[63]
 la_oenb[6]
 la_oenb[7]
 la_oenb[8]
 la_oenb[9]
 wb_rst_i
 wbs_adr_i[0]
 wbs_adr_i[10]
 wbs_adr_i[11]
 wbs_adr_i[12]
 wbs_adr_i[13]
 wbs_adr_i[14]
 wbs_adr_i[15]
 wbs_adr_i[16]
 wbs_adr_i[17]
 wbs_adr_i[18]
 wbs_adr_i[19]
 wbs_adr_i[1]
 wbs_adr_i[20]
 wbs_adr_i[21]
 wbs_adr_i[22]
 wbs_adr_i[23]
 wbs_adr_i[24]
 wbs_adr_i[25]
 wbs_adr_i[26]
 wbs_adr_i[27]
 wbs_adr_i[28]
 wbs_adr_i[29]
 wbs_adr_i[30]
 wbs_adr_i[31]
 wbs_adr_i[6]
 wbs_adr_i[7]
 wbs_adr_i[8]
 wbs_adr_i[9]
 wbs_sel_i[0]
 wbs_sel_i[1]
 wbs_sel_i[2]
 wbs_sel_i[3]
 clkload0/ZN
 clkload1/Z
 clkload10/Z
 clkload11/Z
 clkload12/Z
 clkload13/ZN
 clkload14/ZN
 clkload15/Z
 clkload16/Z
 clkload17/Z
 clkload18/ZN
 clkload19/ZN
 clkload2/Z
 clkload20/Z
 clkload21/ZN
 clkload22/Z
 clkload23/ZN
 clkload24/Z
 clkload25/Z
 clkload26/Z
 clkload27/Z
 clkload28/ZN
 clkload29/ZN
 clkload3/Z
 clkload30/ZN
 clkload31/Z
 clkload32/Z
 clkload33/ZN
 clkload34/ZN
 clkload35/Z
 clkload36/Z
 clkload37/ZN
 clkload38/ZN
 clkload39/ZN
 clkload4/Z
 clkload40/ZN
 clkload41/ZN
 clkload42/ZN
 clkload43/Z
 clkload44/Z
 clkload45/Z
 clkload46/Z
 clkload47/ZN
 clkload48/ZN
 clkload49/Z
 clkload5/Z
 clkload50/ZN
 clkload51/ZN
 clkload52/ZN
 clkload53/Z
 clkload54/Z
 clkload55/ZN
 clkload56/Z
 clkload57/ZN
 clkload6/Z
 clkload7/Z
 clkload8/Z
 clkload9/Z
Found 0 partially unannotated drivers.

===========================================================================
max slew violation count 0
max fanout violation count 87
max cap violation count 0
============================================================================

===========================================================================
check_setup -verbose -unconstrained_endpoints -multiple_clock -no_clock -no_input_delay -loops -generated_clocks
===========================================================================
