
21. Executing PROC_DLATCH pass (convert process syncs to latches).
No latch inferred for signal `\aes_core.\ctrl_sel' from process `\aes_core.$proc$/home/ortega/projects/gf180/AES128_GFMPW0/verilog/rtl/src/aes_core.v:89$2'.
No latch inferred for signal `\aes_core.\e_key_1_sel' from process `\aes_core.$proc$/home/ortega/projects/gf180/AES128_GFMPW0/verilog/rtl/src/aes_core.v:89$2'.
No latch inferred for signal `\aes_core.\e_key_2_sel' from process `\aes_core.$proc$/home/ortega/projects/gf180/AES128_GFMPW0/verilog/rtl/src/aes_core.v:89$2'.
No latch inferred for signal `\aes_core.\e_key_3_sel' from process `\aes_core.$proc$/home/ortega/projects/gf180/AES128_GFMPW0/verilog/rtl/src/aes_core.v:89$2'.
No latch inferred for signal `\aes_core.\e_key_4_sel' from process `\aes_core.$proc$/home/ortega/projects/gf180/AES128_GFMPW0/verilog/rtl/src/aes_core.v:89$2'.
No latch inferred for signal `\aes_core.\e_txt_1_sel' from process `\aes_core.$proc$/home/ortega/projects/gf180/AES128_GFMPW0/verilog/rtl/src/aes_core.v:89$2'.
No latch inferred for signal `\aes_core.\e_txt_2_sel' from process `\aes_core.$proc$/home/ortega/projects/gf180/AES128_GFMPW0/verilog/rtl/src/aes_core.v:89$2'.
No latch inferred for signal `\aes_core.\e_txt_3_sel' from process `\aes_core.$proc$/home/ortega/projects/gf180/AES128_GFMPW0/verilog/rtl/src/aes_core.v:89$2'.
No latch inferred for signal `\aes_core.\e_txt_4_sel' from process `\aes_core.$proc$/home/ortega/projects/gf180/AES128_GFMPW0/verilog/rtl/src/aes_core.v:89$2'.
No latch inferred for signal `\aes_cipher_top.\mix_col$func$/home/ortega/projects/gf180/AES128_GFMPW0/verilog/rtl/src/aes_128/aes_cipher_top.v:158$46.$result' from process `\aes_cipher_top.$proc$/home/ortega/projects/gf180/AES128_GFMPW0/verilog/rtl/src/aes_128/aes_cipher_top.v:158$356'.
No latch inferred for signal `\aes_cipher_top.\mix_col$func$/home/ortega/projects/gf180/AES128_GFMPW0/verilog/rtl/src/aes_128/aes_cipher_top.v:158$74.$result' from process `\aes_cipher_top.$proc$/home/ortega/projects/gf180/AES128_GFMPW0/verilog/rtl/src/aes_128/aes_cipher_top.v:158$356'.
No latch inferred for signal `\aes_cipher_top.\mix_col$func$/home/ortega/projects/gf180/AES128_GFMPW0/verilog/rtl/src/aes_128/aes_cipher_top.v:158$74.s0' from process `\aes_cipher_top.$proc$/home/ortega/projects/gf180/AES128_GFMPW0/verilog/rtl/src/aes_128/aes_cipher_top.v:158$356'.
No latch inferred for signal `\aes_cipher_top.\mix_col$func$/home/ortega/projects/gf180/AES128_GFMPW0/verilog/rtl/src/aes_128/aes_cipher_top.v:158$74.s1' from process `\aes_cipher_top.$proc$/home/ortega/projects/gf180/AES128_GFMPW0/verilog/rtl/src/aes_128/aes_cipher_top.v:158$356'.
No latch inferred for signal `\aes_cipher_top.\mix_col$func$/home/ortega/projects/gf180/AES128_GFMPW0/verilog/rtl/src/aes_128/aes_cipher_top.v:158$74.s2' from process `\aes_cipher_top.$proc$/home/ortega/projects/gf180/AES128_GFMPW0/verilog/rtl/src/aes_128/aes_cipher_top.v:158$356'.
No latch inferred for signal `\aes_cipher_top.\mix_col$func$/home/ortega/projects/gf180/AES128_GFMPW0/verilog/rtl/src/aes_128/aes_cipher_top.v:158$74.s3' from process `\aes_cipher_top.$proc$/home/ortega/projects/gf180/AES128_GFMPW0/verilog/rtl/src/aes_128/aes_cipher_top.v:158$356'.
No latch inferred for signal `\aes_cipher_top.\xtime$func$/home/ortega/projects/gf180/AES128_GFMPW0/verilog/rtl/src/aes_128/aes_cipher_top.v:207$75.$result' from process `\aes_cipher_top.$proc$/home/ortega/projects/gf180/AES128_GFMPW0/verilog/rtl/src/aes_128/aes_cipher_top.v:158$356'.
No latch inferred for signal `\aes_cipher_top.\xtime$func$/home/ortega/projects/gf180/AES128_GFMPW0/verilog/rtl/src/aes_128/aes_cipher_top.v:207$75.b' from process `\aes_cipher_top.$proc$/home/ortega/projects/gf180/AES128_GFMPW0/verilog/rtl/src/aes_128/aes_cipher_top.v:158$356'.
No latch inferred for signal `\aes_cipher_top.\xtime$func$/home/ortega/projects/gf180/AES128_GFMPW0/verilog/rtl/src/aes_128/aes_cipher_top.v:207$76.$result' from process `\aes_cipher_top.$proc$/home/ortega/projects/gf180/AES128_GFMPW0/verilog/rtl/src/aes_128/aes_cipher_top.v:158$356'.
No latch inferred for signal `\aes_cipher_top.\xtime$func$/home/ortega/projects/gf180/AES128_GFMPW0/verilog/rtl/src/aes_128/aes_cipher_top.v:207$76.b' from process `\aes_cipher_top.$proc$/home/ortega/projects/gf180/AES128_GFMPW0/verilog/rtl/src/aes_128/aes_cipher_top.v:158$356'.
No latch inferred for signal `\aes_cipher_top.\xtime$func$/home/ortega/projects/gf180/AES128_GFMPW0/verilog/rtl/src/aes_128/aes_cipher_top.v:208$77.$result' from process `\aes_cipher_top.$proc$/home/ortega/projects/gf180/AES128_GFMPW0/verilog/rtl/src/aes_128/aes_cipher_top.v:158$356'.
No latch inferred for signal `\aes_cipher_top.\xtime$func$/home/ortega/projects/gf180/AES128_GFMPW0/verilog/rtl/src/aes_128/aes_cipher_top.v:208$77.b' from process `\aes_cipher_top.$proc$/home/ortega/projects/gf180/AES128_GFMPW0/verilog/rtl/src/aes_128/aes_cipher_top.v:158$356'.
No latch inferred for signal `\aes_cipher_top.\xtime$func$/home/ortega/projects/gf180/AES128_GFMPW0/verilog/rtl/src/aes_128/aes_cipher_top.v:208$78.$result' from process `\aes_cipher_top.$proc$/home/ortega/projects/gf180/AES128_GFMPW0/verilog/rtl/src/aes_128/aes_cipher_top.v:158$356'.
No latch inferred for signal `\aes_cipher_top.\xtime$func$/home/ortega/projects/gf180/AES128_GFMPW0/verilog/rtl/src/aes_128/aes_cipher_top.v:208$78.b' from process `\aes_cipher_top.$proc$/home/ortega/projects/gf180/AES128_GFMPW0/verilog/rtl/src/aes_128/aes_cipher_top.v:158$356'.
No latch inferred for signal `\aes_cipher_top.\xtime$func$/home/ortega/projects/gf180/AES128_GFMPW0/verilog/rtl/src/aes_128/aes_cipher_top.v:209$79.$result' from process `\aes_cipher_top.$proc$/home/ortega/projects/gf180/AES128_GFMPW0/verilog/rtl/src/aes_128/aes_cipher_top.v:158$356'.
No latch inferred for signal `\aes_cipher_top.\xtime$func$/home/ortega/projects/gf180/AES128_GFMPW0/verilog/rtl/src/aes_128/aes_cipher_top.v:209$79.b' from process `\aes_cipher_top.$proc$/home/ortega/projects/gf180/AES128_GFMPW0/verilog/rtl/src/aes_128/aes_cipher_top.v:158$356'.
No latch inferred for signal `\aes_cipher_top.\xtime$func$/home/ortega/projects/gf180/AES128_GFMPW0/verilog/rtl/src/aes_128/aes_cipher_top.v:209$80.$result' from process `\aes_cipher_top.$proc$/home/ortega/projects/gf180/AES128_GFMPW0/verilog/rtl/src/aes_128/aes_cipher_top.v:158$356'.
No latch inferred for signal `\aes_cipher_top.\xtime$func$/home/ortega/projects/gf180/AES128_GFMPW0/verilog/rtl/src/aes_128/aes_cipher_top.v:209$80.b' from process `\aes_cipher_top.$proc$/home/ortega/projects/gf180/AES128_GFMPW0/verilog/rtl/src/aes_128/aes_cipher_top.v:158$356'.
No latch inferred for signal `\aes_cipher_top.\xtime$func$/home/ortega/projects/gf180/AES128_GFMPW0/verilog/rtl/src/aes_128/aes_cipher_top.v:210$81.$result' from process `\aes_cipher_top.$proc$/home/ortega/projects/gf180/AES128_GFMPW0/verilog/rtl/src/aes_128/aes_cipher_top.v:158$356'.
No latch inferred for signal `\aes_cipher_top.\xtime$func$/home/ortega/projects/gf180/AES128_GFMPW0/verilog/rtl/src/aes_128/aes_cipher_top.v:210$81.b' from process `\aes_cipher_top.$proc$/home/ortega/projects/gf180/AES128_GFMPW0/verilog/rtl/src/aes_128/aes_cipher_top.v:158$356'.
No latch inferred for signal `\aes_cipher_top.\xtime$func$/home/ortega/projects/gf180/AES128_GFMPW0/verilog/rtl/src/aes_128/aes_cipher_top.v:210$82.$result' from process `\aes_cipher_top.$proc$/home/ortega/projects/gf180/AES128_GFMPW0/verilog/rtl/src/aes_128/aes_cipher_top.v:158$356'.
No latch inferred for signal `\aes_cipher_top.\xtime$func$/home/ortega/projects/gf180/AES128_GFMPW0/verilog/rtl/src/aes_128/aes_cipher_top.v:210$82.b' from process `\aes_cipher_top.$proc$/home/ortega/projects/gf180/AES128_GFMPW0/verilog/rtl/src/aes_128/aes_cipher_top.v:158$356'.
No latch inferred for signal `\aes_cipher_top.\mix_col$func$/home/ortega/projects/gf180/AES128_GFMPW0/verilog/rtl/src/aes_128/aes_cipher_top.v:157$45.$result' from process `\aes_cipher_top.$proc$/home/ortega/projects/gf180/AES128_GFMPW0/verilog/rtl/src/aes_128/aes_cipher_top.v:157$301'.
No latch inferred for signal `\aes_cipher_top.\mix_col$func$/home/ortega/projects/gf180/AES128_GFMPW0/verilog/rtl/src/aes_128/aes_cipher_top.v:157$65.$result' from process `\aes_cipher_top.$proc$/home/ortega/projects/gf180/AES128_GFMPW0/verilog/rtl/src/aes_128/aes_cipher_top.v:157$301'.
No latch inferred for signal `\aes_cipher_top.\mix_col$func$/home/ortega/projects/gf180/AES128_GFMPW0/verilog/rtl/src/aes_128/aes_cipher_top.v:157$65.s0' from process `\aes_cipher_top.$proc$/home/ortega/projects/gf180/AES128_GFMPW0/verilog/rtl/src/aes_128/aes_cipher_top.v:157$301'.
No latch inferred for signal `\aes_cipher_top.\mix_col$func$/home/ortega/projects/gf180/AES128_GFMPW0/verilog/rtl/src/aes_128/aes_cipher_top.v:157$65.s1' from process `\aes_cipher_top.$proc$/home/ortega/projects/gf180/AES128_GFMPW0/verilog/rtl/src/aes_128/aes_cipher_top.v:157$301'.
No latch inferred for signal `\aes_cipher_top.\mix_col$func$/home/ortega/projects/gf180/AES128_GFMPW0/verilog/rtl/src/aes_128/aes_cipher_top.v:157$65.s2' from process `\aes_cipher_top.$proc$/home/ortega/projects/gf180/AES128_GFMPW0/verilog/rtl/src/aes_128/aes_cipher_top.v:157$301'.
No latch inferred for signal `\aes_cipher_top.\mix_col$func$/home/ortega/projects/gf180/AES128_GFMPW0/verilog/rtl/src/aes_128/aes_cipher_top.v:157$65.s3' from process `\aes_cipher_top.$proc$/home/ortega/projects/gf180/AES128_GFMPW0/verilog/rtl/src/aes_128/aes_cipher_top.v:157$301'.
No latch inferred for signal `\aes_cipher_top.\xtime$func$/home/ortega/projects/gf180/AES128_GFMPW0/verilog/rtl/src/aes_128/aes_cipher_top.v:207$66.$result' from process `\aes_cipher_top.$proc$/home/ortega/projects/gf180/AES128_GFMPW0/verilog/rtl/src/aes_128/aes_cipher_top.v:157$301'.
No latch inferred for signal `\aes_cipher_top.\xtime$func$/home/ortega/projects/gf180/AES128_GFMPW0/verilog/rtl/src/aes_128/aes_cipher_top.v:207$66.b' from process `\aes_cipher_top.$proc$/home/ortega/projects/gf180/AES128_GFMPW0/verilog/rtl/src/aes_128/aes_cipher_top.v:157$301'.
No latch inferred for signal `\aes_cipher_top.\xtime$func$/home/ortega/projects/gf180/AES128_GFMPW0/verilog/rtl/src/aes_128/aes_cipher_top.v:207$67.$result' from process `\aes_cipher_top.$proc$/home/ortega/projects/gf180/AES128_GFMPW0/verilog/rtl/src/aes_128/aes_cipher_top.v:157$301'.
No latch inferred for signal `\aes_cipher_top.\xtime$func$/home/ortega/projects/gf180/AES128_GFMPW0/verilog/rtl/src/aes_128/aes_cipher_top.v:207$67.b' from process `\aes_cipher_top.$proc$/home/ortega/projects/gf180/AES128_GFMPW0/verilog/rtl/src/aes_128/aes_cipher_top.v:157$301'.
No latch inferred for signal `\aes_cipher_top.\xtime$func$/home/ortega/projects/gf180/AES128_GFMPW0/verilog/rtl/src/aes_128/aes_cipher_top.v:208$68.$result' from process `\aes_cipher_top.$proc$/home/ortega/projects/gf180/AES128_GFMPW0/verilog/rtl/src/aes_128/aes_cipher_top.v:157$301'.
No latch inferred for signal `\aes_cipher_top.\xtime$func$/home/ortega/projects/gf180/AES128_GFMPW0/verilog/rtl/src/aes_128/aes_cipher_top.v:208$68.b' from process `\aes_cipher_top.$proc$/home/ortega/projects/gf180/AES128_GFMPW0/verilog/rtl/src/aes_128/aes_cipher_top.v:157$301'.
No latch inferred for signal `\aes_cipher_top.\xtime$func$/home/ortega/projects/gf180/AES128_GFMPW0/verilog/rtl/src/aes_128/aes_cipher_top.v:208$69.$result' from process `\aes_cipher_top.$proc$/home/ortega/projects/gf180/AES128_GFMPW0/verilog/rtl/src/aes_128/aes_cipher_top.v:157$301'.
No latch inferred for signal `\aes_cipher_top.\xtime$func$/home/ortega/projects/gf180/AES128_GFMPW0/verilog/rtl/src/aes_128/aes_cipher_top.v:208$69.b' from process `\aes_cipher_top.$proc$/home/ortega/projects/gf180/AES128_GFMPW0/verilog/rtl/src/aes_128/aes_cipher_top.v:157$301'.
No latch inferred for signal `\aes_cipher_top.\xtime$func$/home/ortega/projects/gf180/AES128_GFMPW0/verilog/rtl/src/aes_128/aes_cipher_top.v:209$70.$result' from process `\aes_cipher_top.$proc$/home/ortega/projects/gf180/AES128_GFMPW0/verilog/rtl/src/aes_128/aes_cipher_top.v:157$301'.
No latch inferred for signal `\aes_cipher_top.\xtime$func$/home/ortega/projects/gf180/AES128_GFMPW0/verilog/rtl/src/aes_128/aes_cipher_top.v:209$70.b' from process `\aes_cipher_top.$proc$/home/ortega/projects/gf180/AES128_GFMPW0/verilog/rtl/src/aes_128/aes_cipher_top.v:157$301'.
No latch inferred for signal `\aes_cipher_top.\xtime$func$/home/ortega/projects/gf180/AES128_GFMPW0/verilog/rtl/src/aes_128/aes_cipher_top.v:209$71.$result' from process `\aes_cipher_top.$proc$/home/ortega/projects/gf180/AES128_GFMPW0/verilog/rtl/src/aes_128/aes_cipher_top.v:157$301'.
No latch inferred for signal `\aes_cipher_top.\xtime$func$/home/ortega/projects/gf180/AES128_GFMPW0/verilog/rtl/src/aes_128/aes_cipher_top.v:209$71.b' from process `\aes_cipher_top.$proc$/home/ortega/projects/gf180/AES128_GFMPW0/verilog/rtl/src/aes_128/aes_cipher_top.v:157$301'.
No latch inferred for signal `\aes_cipher_top.\xtime$func$/home/ortega/projects/gf180/AES128_GFMPW0/verilog/rtl/src/aes_128/aes_cipher_top.v:210$72.$result' from process `\aes_cipher_top.$proc$/home/ortega/projects/gf180/AES128_GFMPW0/verilog/rtl/src/aes_128/aes_cipher_top.v:157$301'.
No latch inferred for signal `\aes_cipher_top.\xtime$func$/home/ortega/projects/gf180/AES128_GFMPW0/verilog/rtl/src/aes_128/aes_cipher_top.v:210$72.b' from process `\aes_cipher_top.$proc$/home/ortega/projects/gf180/AES128_GFMPW0/verilog/rtl/src/aes_128/aes_cipher_top.v:157$301'.
No latch inferred for signal `\aes_cipher_top.\xtime$func$/home/ortega/projects/gf180/AES128_GFMPW0/verilog/rtl/src/aes_128/aes_cipher_top.v:210$73.$result' from process `\aes_cipher_top.$proc$/home/ortega/projects/gf180/AES128_GFMPW0/verilog/rtl/src/aes_128/aes_cipher_top.v:157$301'.
No latch inferred for signal `\aes_cipher_top.\xtime$func$/home/ortega/projects/gf180/AES128_GFMPW0/verilog/rtl/src/aes_128/aes_cipher_top.v:210$73.b' from process `\aes_cipher_top.$proc$/home/ortega/projects/gf180/AES128_GFMPW0/verilog/rtl/src/aes_128/aes_cipher_top.v:157$301'.
No latch inferred for signal `\aes_cipher_top.\mix_col$func$/home/ortega/projects/gf180/AES128_GFMPW0/verilog/rtl/src/aes_128/aes_cipher_top.v:156$44.$result' from process `\aes_cipher_top.$proc$/home/ortega/projects/gf180/AES128_GFMPW0/verilog/rtl/src/aes_128/aes_cipher_top.v:156$246'.
No latch inferred for signal `\aes_cipher_top.\mix_col$func$/home/ortega/projects/gf180/AES128_GFMPW0/verilog/rtl/src/aes_128/aes_cipher_top.v:156$56.$result' from process `\aes_cipher_top.$proc$/home/ortega/projects/gf180/AES128_GFMPW0/verilog/rtl/src/aes_128/aes_cipher_top.v:156$246'.
No latch inferred for signal `\aes_cipher_top.\mix_col$func$/home/ortega/projects/gf180/AES128_GFMPW0/verilog/rtl/src/aes_128/aes_cipher_top.v:156$56.s0' from process `\aes_cipher_top.$proc$/home/ortega/projects/gf180/AES128_GFMPW0/verilog/rtl/src/aes_128/aes_cipher_top.v:156$246'.
No latch inferred for signal `\aes_cipher_top.\mix_col$func$/home/ortega/projects/gf180/AES128_GFMPW0/verilog/rtl/src/aes_128/aes_cipher_top.v:156$56.s1' from process `\aes_cipher_top.$proc$/home/ortega/projects/gf180/AES128_GFMPW0/verilog/rtl/src/aes_128/aes_cipher_top.v:156$246'.
No latch inferred for signal `\aes_cipher_top.\mix_col$func$/home/ortega/projects/gf180/AES128_GFMPW0/verilog/rtl/src/aes_128/aes_cipher_top.v:156$56.s2' from process `\aes_cipher_top.$proc$/home/ortega/projects/gf180/AES128_GFMPW0/verilog/rtl/src/aes_128/aes_cipher_top.v:156$246'.
No latch inferred for signal `\aes_cipher_top.\mix_col$func$/home/ortega/projects/gf180/AES128_GFMPW0/verilog/rtl/src/aes_128/aes_cipher_top.v:156$56.s3' from process `\aes_cipher_top.$proc$/home/ortega/projects/gf180/AES128_GFMPW0/verilog/rtl/src/aes_128/aes_cipher_top.v:156$246'.
No latch inferred for signal `\aes_cipher_top.\xtime$func$/home/ortega/projects/gf180/AES128_GFMPW0/verilog/rtl/src/aes_128/aes_cipher_top.v:207$57.$result' from process `\aes_cipher_top.$proc$/home/ortega/projects/gf180/AES128_GFMPW0/verilog/rtl/src/aes_128/aes_cipher_top.v:156$246'.
No latch inferred for signal `\aes_cipher_top.\xtime$func$/home/ortega/projects/gf180/AES128_GFMPW0/verilog/rtl/src/aes_128/aes_cipher_top.v:207$57.b' from process `\aes_cipher_top.$proc$/home/ortega/projects/gf180/AES128_GFMPW0/verilog/rtl/src/aes_128/aes_cipher_top.v:156$246'.
No latch inferred for signal `\aes_cipher_top.\xtime$func$/home/ortega/projects/gf180/AES128_GFMPW0/verilog/rtl/src/aes_128/aes_cipher_top.v:207$58.$result' from process `\aes_cipher_top.$proc$/home/ortega/projects/gf180/AES128_GFMPW0/verilog/rtl/src/aes_128/aes_cipher_top.v:156$246'.
No latch inferred for signal `\aes_cipher_top.\xtime$func$/home/ortega/projects/gf180/AES128_GFMPW0/verilog/rtl/src/aes_128/aes_cipher_top.v:207$58.b' from process `\aes_cipher_top.$proc$/home/ortega/projects/gf180/AES128_GFMPW0/verilog/rtl/src/aes_128/aes_cipher_top.v:156$246'.
No latch inferred for signal `\aes_cipher_top.\xtime$func$/home/ortega/projects/gf180/AES128_GFMPW0/verilog/rtl/src/aes_128/aes_cipher_top.v:208$59.$result' from process `\aes_cipher_top.$proc$/home/ortega/projects/gf180/AES128_GFMPW0/verilog/rtl/src/aes_128/aes_cipher_top.v:156$246'.
No latch inferred for signal `\aes_cipher_top.\xtime$func$/home/ortega/projects/gf180/AES128_GFMPW0/verilog/rtl/src/aes_128/aes_cipher_top.v:208$59.b' from process `\aes_cipher_top.$proc$/home/ortega/projects/gf180/AES128_GFMPW0/verilog/rtl/src/aes_128/aes_cipher_top.v:156$246'.
No latch inferred for signal `\aes_cipher_top.\xtime$func$/home/ortega/projects/gf180/AES128_GFMPW0/verilog/rtl/src/aes_128/aes_cipher_top.v:208$60.$result' from process `\aes_cipher_top.$proc$/home/ortega/projects/gf180/AES128_GFMPW0/verilog/rtl/src/aes_128/aes_cipher_top.v:156$246'.
No latch inferred for signal `\aes_cipher_top.\xtime$func$/home/ortega/projects/gf180/AES128_GFMPW0/verilog/rtl/src/aes_128/aes_cipher_top.v:208$60.b' from process `\aes_cipher_top.$proc$/home/ortega/projects/gf180/AES128_GFMPW0/verilog/rtl/src/aes_128/aes_cipher_top.v:156$246'.
No latch inferred for signal `\aes_cipher_top.\xtime$func$/home/ortega/projects/gf180/AES128_GFMPW0/verilog/rtl/src/aes_128/aes_cipher_top.v:209$61.$result' from process `\aes_cipher_top.$proc$/home/ortega/projects/gf180/AES128_GFMPW0/verilog/rtl/src/aes_128/aes_cipher_top.v:156$246'.
No latch inferred for signal `\aes_cipher_top.\xtime$func$/home/ortega/projects/gf180/AES128_GFMPW0/verilog/rtl/src/aes_128/aes_cipher_top.v:209$61.b' from process `\aes_cipher_top.$proc$/home/ortega/projects/gf180/AES128_GFMPW0/verilog/rtl/src/aes_128/aes_cipher_top.v:156$246'.
No latch inferred for signal `\aes_cipher_top.\xtime$func$/home/ortega/projects/gf180/AES128_GFMPW0/verilog/rtl/src/aes_128/aes_cipher_top.v:209$62.$result' from process `\aes_cipher_top.$proc$/home/ortega/projects/gf180/AES128_GFMPW0/verilog/rtl/src/aes_128/aes_cipher_top.v:156$246'.
No latch inferred for signal `\aes_cipher_top.\xtime$func$/home/ortega/projects/gf180/AES128_GFMPW0/verilog/rtl/src/aes_128/aes_cipher_top.v:209$62.b' from process `\aes_cipher_top.$proc$/home/ortega/projects/gf180/AES128_GFMPW0/verilog/rtl/src/aes_128/aes_cipher_top.v:156$246'.
No latch inferred for signal `\aes_cipher_top.\xtime$func$/home/ortega/projects/gf180/AES128_GFMPW0/verilog/rtl/src/aes_128/aes_cipher_top.v:210$63.$result' from process `\aes_cipher_top.$proc$/home/ortega/projects/gf180/AES128_GFMPW0/verilog/rtl/src/aes_128/aes_cipher_top.v:156$246'.
No latch inferred for signal `\aes_cipher_top.\xtime$func$/home/ortega/projects/gf180/AES128_GFMPW0/verilog/rtl/src/aes_128/aes_cipher_top.v:210$63.b' from process `\aes_cipher_top.$proc$/home/ortega/projects/gf180/AES128_GFMPW0/verilog/rtl/src/aes_128/aes_cipher_top.v:156$246'.
No latch inferred for signal `\aes_cipher_top.\xtime$func$/home/ortega/projects/gf180/AES128_GFMPW0/verilog/rtl/src/aes_128/aes_cipher_top.v:210$64.$result' from process `\aes_cipher_top.$proc$/home/ortega/projects/gf180/AES128_GFMPW0/verilog/rtl/src/aes_128/aes_cipher_top.v:156$246'.
No latch inferred for signal `\aes_cipher_top.\xtime$func$/home/ortega/projects/gf180/AES128_GFMPW0/verilog/rtl/src/aes_128/aes_cipher_top.v:210$64.b' from process `\aes_cipher_top.$proc$/home/ortega/projects/gf180/AES128_GFMPW0/verilog/rtl/src/aes_128/aes_cipher_top.v:156$246'.
No latch inferred for signal `\aes_cipher_top.\mix_col$func$/home/ortega/projects/gf180/AES128_GFMPW0/verilog/rtl/src/aes_128/aes_cipher_top.v:155$43.$result' from process `\aes_cipher_top.$proc$/home/ortega/projects/gf180/AES128_GFMPW0/verilog/rtl/src/aes_128/aes_cipher_top.v:155$191'.
No latch inferred for signal `\aes_cipher_top.\mix_col$func$/home/ortega/projects/gf180/AES128_GFMPW0/verilog/rtl/src/aes_128/aes_cipher_top.v:155$47.$result' from process `\aes_cipher_top.$proc$/home/ortega/projects/gf180/AES128_GFMPW0/verilog/rtl/src/aes_128/aes_cipher_top.v:155$191'.
No latch inferred for signal `\aes_cipher_top.\mix_col$func$/home/ortega/projects/gf180/AES128_GFMPW0/verilog/rtl/src/aes_128/aes_cipher_top.v:155$47.s0' from process `\aes_cipher_top.$proc$/home/ortega/projects/gf180/AES128_GFMPW0/verilog/rtl/src/aes_128/aes_cipher_top.v:155$191'.
No latch inferred for signal `\aes_cipher_top.\mix_col$func$/home/ortega/projects/gf180/AES128_GFMPW0/verilog/rtl/src/aes_128/aes_cipher_top.v:155$47.s1' from process `\aes_cipher_top.$proc$/home/ortega/projects/gf180/AES128_GFMPW0/verilog/rtl/src/aes_128/aes_cipher_top.v:155$191'.
No latch inferred for signal `\aes_cipher_top.\mix_col$func$/home/ortega/projects/gf180/AES128_GFMPW0/verilog/rtl/src/aes_128/aes_cipher_top.v:155$47.s2' from process `\aes_cipher_top.$proc$/home/ortega/projects/gf180/AES128_GFMPW0/verilog/rtl/src/aes_128/aes_cipher_top.v:155$191'.
No latch inferred for signal `\aes_cipher_top.\mix_col$func$/home/ortega/projects/gf180/AES128_GFMPW0/verilog/rtl/src/aes_128/aes_cipher_top.v:155$47.s3' from process `\aes_cipher_top.$proc$/home/ortega/projects/gf180/AES128_GFMPW0/verilog/rtl/src/aes_128/aes_cipher_top.v:155$191'.
No latch inferred for signal `\aes_cipher_top.\xtime$func$/home/ortega/projects/gf180/AES128_GFMPW0/verilog/rtl/src/aes_128/aes_cipher_top.v:207$48.$result' from process `\aes_cipher_top.$proc$/home/ortega/projects/gf180/AES128_GFMPW0/verilog/rtl/src/aes_128/aes_cipher_top.v:155$191'.
No latch inferred for signal `\aes_cipher_top.\xtime$func$/home/ortega/projects/gf180/AES128_GFMPW0/verilog/rtl/src/aes_128/aes_cipher_top.v:207$48.b' from process `\aes_cipher_top.$proc$/home/ortega/projects/gf180/AES128_GFMPW0/verilog/rtl/src/aes_128/aes_cipher_top.v:155$191'.
No latch inferred for signal `\aes_cipher_top.\xtime$func$/home/ortega/projects/gf180/AES128_GFMPW0/verilog/rtl/src/aes_128/aes_cipher_top.v:207$49.$result' from process `\aes_cipher_top.$proc$/home/ortega/projects/gf180/AES128_GFMPW0/verilog/rtl/src/aes_128/aes_cipher_top.v:155$191'.
No latch inferred for signal `\aes_cipher_top.\xtime$func$/home/ortega/projects/gf180/AES128_GFMPW0/verilog/rtl/src/aes_128/aes_cipher_top.v:207$49.b' from process `\aes_cipher_top.$proc$/home/ortega/projects/gf180/AES128_GFMPW0/verilog/rtl/src/aes_128/aes_cipher_top.v:155$191'.
No latch inferred for signal `\aes_cipher_top.\xtime$func$/home/ortega/projects/gf180/AES128_GFMPW0/verilog/rtl/src/aes_128/aes_cipher_top.v:208$50.$result' from process `\aes_cipher_top.$proc$/home/ortega/projects/gf180/AES128_GFMPW0/verilog/rtl/src/aes_128/aes_cipher_top.v:155$191'.
No latch inferred for signal `\aes_cipher_top.\xtime$func$/home/ortega/projects/gf180/AES128_GFMPW0/verilog/rtl/src/aes_128/aes_cipher_top.v:208$50.b' from process `\aes_cipher_top.$proc$/home/ortega/projects/gf180/AES128_GFMPW0/verilog/rtl/src/aes_128/aes_cipher_top.v:155$191'.
No latch inferred for signal `\aes_cipher_top.\xtime$func$/home/ortega/projects/gf180/AES128_GFMPW0/verilog/rtl/src/aes_128/aes_cipher_top.v:208$51.$result' from process `\aes_cipher_top.$proc$/home/ortega/projects/gf180/AES128_GFMPW0/verilog/rtl/src/aes_128/aes_cipher_top.v:155$191'.
No latch inferred for signal `\aes_cipher_top.\xtime$func$/home/ortega/projects/gf180/AES128_GFMPW0/verilog/rtl/src/aes_128/aes_cipher_top.v:208$51.b' from process `\aes_cipher_top.$proc$/home/ortega/projects/gf180/AES128_GFMPW0/verilog/rtl/src/aes_128/aes_cipher_top.v:155$191'.
No latch inferred for signal `\aes_cipher_top.\xtime$func$/home/ortega/projects/gf180/AES128_GFMPW0/verilog/rtl/src/aes_128/aes_cipher_top.v:209$52.$result' from process `\aes_cipher_top.$proc$/home/ortega/projects/gf180/AES128_GFMPW0/verilog/rtl/src/aes_128/aes_cipher_top.v:155$191'.
No latch inferred for signal `\aes_cipher_top.\xtime$func$/home/ortega/projects/gf180/AES128_GFMPW0/verilog/rtl/src/aes_128/aes_cipher_top.v:209$52.b' from process `\aes_cipher_top.$proc$/home/ortega/projects/gf180/AES128_GFMPW0/verilog/rtl/src/aes_128/aes_cipher_top.v:155$191'.
No latch inferred for signal `\aes_cipher_top.\xtime$func$/home/ortega/projects/gf180/AES128_GFMPW0/verilog/rtl/src/aes_128/aes_cipher_top.v:209$53.$result' from process `\aes_cipher_top.$proc$/home/ortega/projects/gf180/AES128_GFMPW0/verilog/rtl/src/aes_128/aes_cipher_top.v:155$191'.
No latch inferred for signal `\aes_cipher_top.\xtime$func$/home/ortega/projects/gf180/AES128_GFMPW0/verilog/rtl/src/aes_128/aes_cipher_top.v:209$53.b' from process `\aes_cipher_top.$proc$/home/ortega/projects/gf180/AES128_GFMPW0/verilog/rtl/src/aes_128/aes_cipher_top.v:155$191'.
No latch inferred for signal `\aes_cipher_top.\xtime$func$/home/ortega/projects/gf180/AES128_GFMPW0/verilog/rtl/src/aes_128/aes_cipher_top.v:210$54.$result' from process `\aes_cipher_top.$proc$/home/ortega/projects/gf180/AES128_GFMPW0/verilog/rtl/src/aes_128/aes_cipher_top.v:155$191'.
No latch inferred for signal `\aes_cipher_top.\xtime$func$/home/ortega/projects/gf180/AES128_GFMPW0/verilog/rtl/src/aes_128/aes_cipher_top.v:210$54.b' from process `\aes_cipher_top.$proc$/home/ortega/projects/gf180/AES128_GFMPW0/verilog/rtl/src/aes_128/aes_cipher_top.v:155$191'.
No latch inferred for signal `\aes_cipher_top.\xtime$func$/home/ortega/projects/gf180/AES128_GFMPW0/verilog/rtl/src/aes_128/aes_cipher_top.v:210$55.$result' from process `\aes_cipher_top.$proc$/home/ortega/projects/gf180/AES128_GFMPW0/verilog/rtl/src/aes_128/aes_cipher_top.v:155$191'.
No latch inferred for signal `\aes_cipher_top.\xtime$func$/home/ortega/projects/gf180/AES128_GFMPW0/verilog/rtl/src/aes_128/aes_cipher_top.v:210$55.b' from process `\aes_cipher_top.$proc$/home/ortega/projects/gf180/AES128_GFMPW0/verilog/rtl/src/aes_128/aes_cipher_top.v:155$191'.
No latch inferred for signal `\aes_sbox.\d' from process `\aes_sbox.$proc$/home/ortega/projects/gf180/AES128_GFMPW0/verilog/rtl/src/aes_128/aes_sbox.v:62$411'.
