Clock: wb_clk_i
Sources: wb_clk_i 
Generated: no
Virtual: yes
Propagated: no
Period: 15.000000

===========================================================================
report_clock_properties
============================================================================
Clock                   Period          Waveform
----------------------------------------------------
wb_clk_i             15.000000    0.000000  7.500000

===========================================================================
report_clock_latency
============================================================================
Clock wb_clk_i
rise -> rise
    min     max
0.000000 0.000000 source latency
2.868284         network latency _21158_/CLK
        3.905710 network latency _20114_/CLK
---------------
2.868284 3.905710 latency
        1.037426 skew

fall -> fall
    min     max
0.000000 0.000000 source latency
2.826758         network latency _21158_/CLK
        3.926128 network latency _20114_/CLK
---------------
2.826758 3.926128 latency
        1.099370 skew



===========================================================================
report_clock_min_period
============================================================================
wb_clk_i period_min = 20.72 fmax = 48.25
