
===========================================================================
 report_power
============================================================================
======================= min_ss_125C_4v50 Corner ===================================

Group                    Internal    Switching      Leakage        Total
                            Power        Power        Power        Power (Watts)
------------------------------------------------------------------------
Sequential           5.761195e-02 1.817118e-02 1.292958e-06 7.578443e-02   2.2%
Combinational        1.670637e+00 1.655234e+00 1.205704e-05 3.325884e+00  96.9%
Clock                1.619076e-02 1.316943e-02 2.340321e-05 2.938359e-02   0.9%
Macro                0.000000e+00 0.000000e+00 0.000000e+00 0.000000e+00   0.0%
Pad                  0.000000e+00 0.000000e+00 0.000000e+00 0.000000e+00   0.0%
------------------------------------------------------------------------
Total                1.744441e+00 1.686576e+00 3.675555e-05 3.431054e+00 100.0%
                            50.8%        49.2%         0.0%

