
===========================================================================
 report_power
============================================================================
======================= min_ff_n40C_5v50 Corner ===================================

Group                    Internal    Switching      Leakage        Total
                            Power        Power        Power        Power (Watts)
------------------------------------------------------------------------
Sequential           8.765825e-02 2.674660e-02 5.489912e-07 1.144054e-01   2.2%
Combinational        2.669036e+00 2.418852e+00 3.691673e-06 5.087893e+00  96.9%
Clock                2.735054e-02 1.958427e-02 2.681948e-06 4.693750e-02   0.9%
Macro                0.000000e+00 0.000000e+00 0.000000e+00 0.000000e+00   0.0%
Pad                  0.000000e+00 0.000000e+00 0.000000e+00 0.000000e+00   0.0%
------------------------------------------------------------------------
Total                2.784045e+00 2.465186e+00 6.923317e-06 5.249238e+00 100.0%
                            53.0%        47.0%         0.0%

