
===========================================================================
 report_power
============================================================================
======================= min_tt_025C_5v00 Corner ===================================

Group                    Internal    Switching      Leakage        Total
                            Power        Power        Power        Power (Watts)
------------------------------------------------------------------------
Sequential           7.072414e-02 2.220361e-02 4.551457e-07 9.292821e-02   2.2%
Combinational        2.100901e+00 2.011715e+00 3.042461e-06 4.112619e+00  96.9%
Clock                2.089200e-02 1.618047e-02 2.218327e-06 3.707469e-02   0.9%
Macro                0.000000e+00 0.000000e+00 0.000000e+00 0.000000e+00   0.0%
Pad                  0.000000e+00 0.000000e+00 0.000000e+00 0.000000e+00   0.0%
------------------------------------------------------------------------
Total                2.192521e+00 2.050098e+00 5.715362e-06 4.242624e+00 100.0%
                            51.7%        48.3%         0.0%

