
===========================================================================
report_checks -unconstrained
===========================================================================
======================= max_tt_025C_5v00 Corner ===================================

Startpoint: wbs_we_i (input port clocked by wb_clk_i)
Endpoint: _20770_ (rising edge-triggered flip-flop clocked by wb_clk_i)
Path Group: wb_clk_i
Path Type: max

Fanout         Cap        Slew       Delay        Time   Description
---------------------------------------------------------------------------------------------
                                  0.000000    0.000000   clock wb_clk_i (rise edge)
                                  0.000000    0.000000   clock network delay (propagated)
                                  3.000000    3.000000 ^ input external delay
     1    0.009084    0.194933    0.092862    3.092862 ^ wbs_we_i (in)
                                                         wbs_we_i (net)
                      0.194933    0.000000    3.092862 ^ input39/I (gf180mcu_fd_sc_mcu7t5v0__buf_2)
     2    0.059993    0.514589    0.460410    3.553272 ^ input39/Z (gf180mcu_fd_sc_mcu7t5v0__buf_2)
                                                         net39 (net)
                      0.514789    0.005926    3.559198 ^ fanout6285/I (gf180mcu_fd_sc_mcu7t5v0__buf_2)
     4    0.032428    0.298969    0.364234    3.923432 ^ fanout6285/Z (gf180mcu_fd_sc_mcu7t5v0__buf_2)
                                                         net6285 (net)
                      0.298971    0.001202    3.924634 ^ _10098_/I (gf180mcu_fd_sc_mcu7t5v0__inv_1)
     2    0.109935    1.075151    0.762118    4.686752 v _10098_/ZN (gf180mcu_fd_sc_mcu7t5v0__inv_1)
                                                         _02776_ (net)
                      1.075151    0.000781    4.687533 v fanout6271/I (gf180mcu_fd_sc_mcu7t5v0__buf_2)
     4    0.124442    0.619021    0.855215    5.542748 v fanout6271/Z (gf180mcu_fd_sc_mcu7t5v0__buf_2)
                                                         net6271 (net)
                      0.619029    0.001389    5.544137 v fanout6270/I (gf180mcu_fd_sc_mcu7t5v0__buf_2)
     3    0.052889    0.292043    0.527372    6.071509 v fanout6270/Z (gf180mcu_fd_sc_mcu7t5v0__buf_2)
                                                         net6270 (net)
                      0.292049    0.000759    6.072268 v fanout6269/I (gf180mcu_fd_sc_mcu7t5v0__buf_2)
     3    0.029130    0.184383    0.355920    6.428188 v fanout6269/Z (gf180mcu_fd_sc_mcu7t5v0__buf_2)
                                                         net6269 (net)
                      0.184384    0.000258    6.428445 v fanout6268/I (gf180mcu_fd_sc_mcu7t5v0__buf_2)
     2    0.016030    0.128239    0.275728    6.704174 v fanout6268/Z (gf180mcu_fd_sc_mcu7t5v0__buf_2)
                                                         net6268 (net)
                      0.128239    0.000339    6.704513 v fanout6266/I (gf180mcu_fd_sc_mcu7t5v0__buf_2)
     4    0.036746    0.215434    0.328793    7.033305 v fanout6266/Z (gf180mcu_fd_sc_mcu7t5v0__buf_2)
                                                         net6266 (net)
                      0.215462    0.001473    7.034779 v _10769_/A1 (gf180mcu_fd_sc_mcu7t5v0__and2_2)
     1    0.009559    0.111016    0.280519    7.315298 v _10769_/Z (gf180mcu_fd_sc_mcu7t5v0__and2_2)
                                                         _03295_ (net)
                      0.111016    0.000248    7.315545 v fanout5483/I (gf180mcu_fd_sc_mcu7t5v0__buf_2)
     2    0.047299    0.260987    0.357046    7.672592 v fanout5483/Z (gf180mcu_fd_sc_mcu7t5v0__buf_2)
                                                         net5483 (net)
                      0.260993    0.000726    7.673317 v fanout5482/I (gf180mcu_fd_sc_mcu7t5v0__buf_2)
     2    0.092619    0.466607    0.543241    8.216558 v fanout5482/Z (gf180mcu_fd_sc_mcu7t5v0__buf_2)
                                                         net5482 (net)
                      0.466610    0.000632    8.217191 v fanout5477/I (gf180mcu_fd_sc_mcu7t5v0__buf_2)
     2    0.026923    0.179363    0.399368    8.616558 v fanout5477/Z (gf180mcu_fd_sc_mcu7t5v0__buf_2)
                                                         net5477 (net)
                      0.179363    0.000413    8.616971 v fanout5476/I (gf180mcu_fd_sc_mcu7t5v0__buf_2)
     2    0.021668    0.151636    0.293512    8.910483 v fanout5476/Z (gf180mcu_fd_sc_mcu7t5v0__buf_2)
                                                         net5476 (net)
                      0.151636    0.000528    8.911012 v fanout5475/I (gf180mcu_fd_sc_mcu7t5v0__buf_2)
     4    0.056267    0.301888    0.397570    9.308581 v fanout5475/Z (gf180mcu_fd_sc_mcu7t5v0__buf_2)
                                                         net5475 (net)
                      0.301921    0.001884    9.310466 v _10773_/A2 (gf180mcu_fd_sc_mcu7t5v0__nand2_2)
     1    0.027672    0.340038    0.302451    9.612917 ^ _10773_/ZN (gf180mcu_fd_sc_mcu7t5v0__nand2_2)
                                                         _03299_ (net)
                      0.340040    0.001445    9.614362 ^ fanout5030/I (gf180mcu_fd_sc_mcu7t5v0__buf_2)
     2    0.024146    0.233365    0.311061    9.925424 ^ fanout5030/Z (gf180mcu_fd_sc_mcu7t5v0__buf_2)
                                                         net5030 (net)
                      0.233366    0.000742    9.926165 ^ fanout5024/I (gf180mcu_fd_sc_mcu7t5v0__buf_2)
     3    0.099684    0.829881    0.658423   10.584588 ^ fanout5024/Z (gf180mcu_fd_sc_mcu7t5v0__buf_2)
                                                         net5024 (net)
                      0.830276    0.010701   10.595288 ^ fanout5023/I (gf180mcu_fd_sc_mcu7t5v0__buf_2)
     4    0.114336    0.950143    0.772699   11.367988 ^ fanout5023/Z (gf180mcu_fd_sc_mcu7t5v0__buf_2)
                                                         net5023 (net)
                      0.950186    0.003793   11.371780 ^ fanout5022/I (gf180mcu_fd_sc_mcu7t5v0__buf_2)
     4    0.099299    0.828317    0.699795   12.071575 ^ fanout5022/Z (gf180mcu_fd_sc_mcu7t5v0__buf_2)
                                                         net5022 (net)
                      0.828325    0.001485   12.073060 ^ fanout5021/I (gf180mcu_fd_sc_mcu7t5v0__buf_2)
     4    0.061401    0.528850    0.517835   12.590895 ^ fanout5021/Z (gf180mcu_fd_sc_mcu7t5v0__buf_2)
                                                         net5021 (net)
                      0.528868    0.001787   12.592682 ^ _10903_/A2 (gf180mcu_fd_sc_mcu7t5v0__oai222_1)
     1    0.011462    0.533931    0.416235   13.008917 v _10903_/ZN (gf180mcu_fd_sc_mcu7t5v0__oai222_1)
                                                         _03417_ (net)
                      0.533931    0.000251   13.009169 v _10904_/A2 (gf180mcu_fd_sc_mcu7t5v0__nand2_2)
     1    0.010242    0.253356    0.274770   13.283937 ^ _10904_/ZN (gf180mcu_fd_sc_mcu7t5v0__nand2_2)
                                                         _03418_ (net)
                      0.253356    0.000220   13.284158 ^ _10905_/C (gf180mcu_fd_sc_mcu7t5v0__oai221_2)
     1    0.014248    0.411831    0.310990   13.595148 v _10905_/ZN (gf180mcu_fd_sc_mcu7t5v0__oai221_2)
                                                         _03419_ (net)
                      0.411831    0.000411   13.595560 v _10907_/A2 (gf180mcu_fd_sc_mcu7t5v0__aoi211_2)
     1    0.008556    0.552315    0.409321   14.004881 ^ _10907_/ZN (gf180mcu_fd_sc_mcu7t5v0__aoi211_2)
                                                         _03421_ (net)
                      0.552315    0.000096   14.004977 ^ _10908_/C (gf180mcu_fd_sc_mcu7t5v0__aoi211_2)
     1    0.010638    0.361029    0.279342   14.284319 v _10908_/ZN (gf180mcu_fd_sc_mcu7t5v0__aoi211_2)
                                                         _03422_ (net)
                      0.361029    0.000249   14.284568 v _10909_/C (gf180mcu_fd_sc_mcu7t5v0__aoi211_2)
     1    0.005249    0.496747    0.418235   14.702803 ^ _10909_/ZN (gf180mcu_fd_sc_mcu7t5v0__aoi211_2)
                                                         _00163_ (net)
                      0.496747    0.000116   14.702919 ^ _20770_/D (gf180mcu_fd_sc_mcu7t5v0__dffq_1)
                                             14.702919   data arrival time

                                 15.000000   15.000000   clock wb_clk_i (rise edge)
                                  0.000000   15.000000   clock source latency
     1    0.137372    0.571098    0.322959   15.322959 ^ wb_clk_i (in)
                                                         wb_clk_i (net)
                      0.577552    0.000000   15.322959 ^ clkbuf_0_wb_clk_i/I (gf180mcu_fd_sc_mcu7t5v0__clkbuf_16)
     4    0.208010    0.260861    0.408903   15.731862 ^ clkbuf_0_wb_clk_i/Z (gf180mcu_fd_sc_mcu7t5v0__clkbuf_16)
                                                         clknet_0_wb_clk_i (net)
                      0.261027    0.008372   15.740234 ^ clkbuf_2_1_0_wb_clk_i/I (gf180mcu_fd_sc_mcu7t5v0__clkbuf_8)
     8    0.280681    0.596179    0.541288   16.281523 ^ clkbuf_2_1_0_wb_clk_i/Z (gf180mcu_fd_sc_mcu7t5v0__clkbuf_8)
                                                         clknet_2_1_0_wb_clk_i (net)
                      0.596331    0.005009   16.286531 ^ clkbuf_5_9__f_wb_clk_i/I (gf180mcu_fd_sc_mcu7t5v0__clkbuf_16)
     3    0.061967    0.136507    0.329790   16.616322 ^ clkbuf_5_9__f_wb_clk_i/Z (gf180mcu_fd_sc_mcu7t5v0__clkbuf_16)
                                                         clknet_5_9__leaf_wb_clk_i (net)
                      0.136510    0.001050   16.617371 ^ clkbuf_leaf_8_wb_clk_i/I (gf180mcu_fd_sc_mcu7t5v0__clkbuf_8)
    15    0.095485    0.238888    0.315762   16.933132 ^ clkbuf_leaf_8_wb_clk_i/Z (gf180mcu_fd_sc_mcu7t5v0__clkbuf_8)
                                                         clknet_leaf_8_wb_clk_i (net)
                      0.238889    0.000680   16.933813 ^ _20770_/CLK (gf180mcu_fd_sc_mcu7t5v0__dffq_1)
                                 -0.250000   16.683813   clock uncertainty
                                  0.000000   16.683813   clock reconvergence pessimism
                                 -0.224296   16.459518   library setup time
                                             16.459518   data required time
---------------------------------------------------------------------------------------------
                                             16.459518   data required time
                                            -14.702919   data arrival time
---------------------------------------------------------------------------------------------
                                              1.756599   slack (MET)




===========================================================================
report_checks --slack_max -0.01
============================================================================
======================= max_tt_025C_5v00 Corner ===================================

No paths found.


===========================================================================
 report_check_types -max_slew -max_cap -max_fanout -violators
============================================================================
======================= max_tt_025C_5v00 Corner ===================================

max fanout

Pin                                   Limit Fanout  Slack
---------------------------------------------------------
clkbuf_leaf_15_wb_clk_i/Z                 4     17    -13 (VIOLATED)
clkbuf_leaf_21_wb_clk_i/Z                 4     17    -13 (VIOLATED)
clkbuf_leaf_75_wb_clk_i/Z                 4     17    -13 (VIOLATED)
clkbuf_leaf_13_wb_clk_i/Z                 4     16    -12 (VIOLATED)
clkbuf_leaf_1_wb_clk_i/Z                  4     16    -12 (VIOLATED)
clkbuf_leaf_23_wb_clk_i/Z                 4     16    -12 (VIOLATED)
clkbuf_leaf_28_wb_clk_i/Z                 4     16    -12 (VIOLATED)
clkbuf_leaf_2_wb_clk_i/Z                  4     16    -12 (VIOLATED)
clkbuf_leaf_3_wb_clk_i/Z                  4     16    -12 (VIOLATED)
clkbuf_leaf_53_wb_clk_i/Z                 4     16    -12 (VIOLATED)
clkbuf_leaf_55_wb_clk_i/Z                 4     16    -12 (VIOLATED)
clkbuf_leaf_68_wb_clk_i/Z                 4     16    -12 (VIOLATED)
clkbuf_leaf_6_wb_clk_i/Z                  4     16    -12 (VIOLATED)
clkbuf_leaf_10_wb_clk_i/Z                 4     15    -11 (VIOLATED)
clkbuf_leaf_11_wb_clk_i/Z                 4     15    -11 (VIOLATED)
clkbuf_leaf_16_wb_clk_i/Z                 4     15    -11 (VIOLATED)
clkbuf_leaf_24_wb_clk_i/Z                 4     15    -11 (VIOLATED)
clkbuf_leaf_26_wb_clk_i/Z                 4     15    -11 (VIOLATED)
clkbuf_leaf_37_wb_clk_i/Z                 4     15    -11 (VIOLATED)
clkbuf_leaf_41_wb_clk_i/Z                 4     15    -11 (VIOLATED)
clkbuf_leaf_46_wb_clk_i/Z                 4     15    -11 (VIOLATED)
clkbuf_leaf_47_wb_clk_i/Z                 4     15    -11 (VIOLATED)
clkbuf_leaf_48_wb_clk_i/Z                 4     15    -11 (VIOLATED)
clkbuf_leaf_49_wb_clk_i/Z                 4     15    -11 (VIOLATED)
clkbuf_leaf_52_wb_clk_i/Z                 4     15    -11 (VIOLATED)
clkbuf_leaf_58_wb_clk_i/Z                 4     15    -11 (VIOLATED)
clkbuf_leaf_60_wb_clk_i/Z                 4     15    -11 (VIOLATED)
clkbuf_leaf_61_wb_clk_i/Z                 4     15    -11 (VIOLATED)
clkbuf_leaf_64_wb_clk_i/Z                 4     15    -11 (VIOLATED)
clkbuf_leaf_66_wb_clk_i/Z                 4     15    -11 (VIOLATED)
clkbuf_leaf_71_wb_clk_i/Z                 4     15    -11 (VIOLATED)
clkbuf_leaf_73_wb_clk_i/Z                 4     15    -11 (VIOLATED)
clkbuf_leaf_74_wb_clk_i/Z                 4     15    -11 (VIOLATED)
clkbuf_leaf_77_wb_clk_i/Z                 4     15    -11 (VIOLATED)
clkbuf_leaf_78_wb_clk_i/Z                 4     15    -11 (VIOLATED)
clkbuf_leaf_8_wb_clk_i/Z                  4     15    -11 (VIOLATED)
clkbuf_leaf_12_wb_clk_i/Z                 4     14    -10 (VIOLATED)
clkbuf_leaf_17_wb_clk_i/Z                 4     14    -10 (VIOLATED)
clkbuf_leaf_22_wb_clk_i/Z                 4     14    -10 (VIOLATED)
clkbuf_leaf_25_wb_clk_i/Z                 4     14    -10 (VIOLATED)
clkbuf_leaf_29_wb_clk_i/Z                 4     14    -10 (VIOLATED)
clkbuf_leaf_30_wb_clk_i/Z                 4     14    -10 (VIOLATED)
clkbuf_leaf_31_wb_clk_i/Z                 4     14    -10 (VIOLATED)
clkbuf_leaf_40_wb_clk_i/Z                 4     14    -10 (VIOLATED)
clkbuf_leaf_42_wb_clk_i/Z                 4     14    -10 (VIOLATED)
clkbuf_leaf_43_wb_clk_i/Z                 4     14    -10 (VIOLATED)
clkbuf_leaf_44_wb_clk_i/Z                 4     14    -10 (VIOLATED)
clkbuf_leaf_45_wb_clk_i/Z                 4     14    -10 (VIOLATED)
clkbuf_leaf_51_wb_clk_i/Z                 4     14    -10 (VIOLATED)
clkbuf_leaf_5_wb_clk_i/Z                  4     14    -10 (VIOLATED)
clkbuf_leaf_62_wb_clk_i/Z                 4     14    -10 (VIOLATED)
clkbuf_leaf_65_wb_clk_i/Z                 4     14    -10 (VIOLATED)
clkbuf_leaf_67_wb_clk_i/Z                 4     14    -10 (VIOLATED)
clkbuf_leaf_7_wb_clk_i/Z                  4     14    -10 (VIOLATED)
clkbuf_leaf_0_wb_clk_i/Z                  4     13     -9 (VIOLATED)
clkbuf_leaf_14_wb_clk_i/Z                 4     13     -9 (VIOLATED)
clkbuf_leaf_18_wb_clk_i/Z                 4     13     -9 (VIOLATED)
clkbuf_leaf_20_wb_clk_i/Z                 4     13     -9 (VIOLATED)
clkbuf_leaf_27_wb_clk_i/Z                 4     13     -9 (VIOLATED)
clkbuf_leaf_32_wb_clk_i/Z                 4     13     -9 (VIOLATED)
clkbuf_leaf_33_wb_clk_i/Z                 4     13     -9 (VIOLATED)
clkbuf_leaf_36_wb_clk_i/Z                 4     13     -9 (VIOLATED)
clkbuf_leaf_38_wb_clk_i/Z                 4     13     -9 (VIOLATED)
clkbuf_leaf_39_wb_clk_i/Z                 4     13     -9 (VIOLATED)
clkbuf_leaf_4_wb_clk_i/Z                  4     13     -9 (VIOLATED)
clkbuf_leaf_54_wb_clk_i/Z                 4     13     -9 (VIOLATED)
clkbuf_leaf_56_wb_clk_i/Z                 4     13     -9 (VIOLATED)
clkbuf_leaf_57_wb_clk_i/Z                 4     13     -9 (VIOLATED)
clkbuf_leaf_59_wb_clk_i/Z                 4     13     -9 (VIOLATED)
clkbuf_leaf_63_wb_clk_i/Z                 4     13     -9 (VIOLATED)
clkbuf_leaf_69_wb_clk_i/Z                 4     13     -9 (VIOLATED)
clkbuf_leaf_72_wb_clk_i/Z                 4     13     -9 (VIOLATED)
clkbuf_leaf_76_wb_clk_i/Z                 4     13     -9 (VIOLATED)
clkbuf_leaf_79_wb_clk_i/Z                 4     13     -9 (VIOLATED)
clkbuf_leaf_9_wb_clk_i/Z                  4     13     -9 (VIOLATED)
clkbuf_leaf_80_wb_clk_i/Z                 4     11     -7 (VIOLATED)
clkbuf_leaf_19_wb_clk_i/Z                 4     10     -6 (VIOLATED)
clkbuf_leaf_50_wb_clk_i/Z                 4     10     -6 (VIOLATED)
clkbuf_leaf_81_wb_clk_i/Z                 4     10     -6 (VIOLATED)
clkbuf_leaf_70_wb_clk_i/Z                 4      9     -5 (VIOLATED)
clkbuf_leaf_82_wb_clk_i/Z                 4      9     -5 (VIOLATED)
clkbuf_2_0_0_wb_clk_i/Z                   4      8     -4 (VIOLATED)
clkbuf_2_1_0_wb_clk_i/Z                   4      8     -4 (VIOLATED)
clkbuf_2_2_0_wb_clk_i/Z                   4      8     -4 (VIOLATED)
clkbuf_2_3_0_wb_clk_i/Z                   4      8     -4 (VIOLATED)
clkbuf_leaf_35_wb_clk_i/Z                 4      8     -4 (VIOLATED)
clkbuf_leaf_34_wb_clk_i/Z                 4      7     -3 (VIOLATED)



===========================================================================
report_parasitic_annotation -report_unannotated
============================================================================
Found 257 unannotated drivers.
 io_in[0]
 io_in[10]
 io_in[11]
 io_in[12]
 io_in[13]
 io_in[14]
 io_in[15]
 io_in[16]
 io_in[17]
 io_in[18]
 io_in[19]
 io_in[1]
 io_in[20]
 io_in[21]
 io_in[22]
 io_in[23]
 io_in[24]
 io_in[25]
 io_in[26]
 io_in[27]
 io_in[28]
 io_in[29]
 io_in[2]
 io_in[30]
 io_in[31]
 io_in[32]
 io_in[33]
 io_in[34]
 io_in[35]
 io_in[36]
 io_in[37]
 io_in[3]
 io_in[4]
 io_in[5]
 io_in[6]
 io_in[7]
 io_in[8]
 io_in[9]
 la_data_in[0]
 la_data_in[10]
 la_data_in[11]
 la_data_in[12]
 la_data_in[13]
 la_data_in[14]
 la_data_in[15]
 la_data_in[16]
 la_data_in[17]
 la_data_in[18]
 la_data_in[19]
 la_data_in[1]
 la_data_in[20]
 la_data_in[21]
 la_data_in[22]
 la_data_in[23]
 la_data_in[24]
 la_data_in[25]
 la_data_in[26]
 la_data_in[27]
 la_data_in[28]
 la_data_in[29]
 la_data_in[2]
 la_data_in[30]
 la_data_in[31]
 la_data_in[32]
 la_data_in[33]
 la_data_in[34]
 la_data_in[35]
 la_data_in[36]
 la_data_in[37]
 la_data_in[38]
 la_data_in[39]
 la_data_in[3]
 la_data_in[40]
 la_data_in[41]
 la_data_in[42]
 la_data_in[43]
 la_data_in[44]
 la_data_in[45]
 la_data_in[46]
 la_data_in[47]
 la_data_in[48]
 la_data_in[49]
 la_data_in[4]
 la_data_in[50]
 la_data_in[51]
 la_data_in[52]
 la_data_in[53]
 la_data_in[54]
 la_data_in[55]
 la_data_in[56]
 la_data_in[57]
 la_data_in[58]
 la_data_in[59]
 la_data_in[5]
 la_data_in[60]
 la_data_in[61]
 la_data_in[62]
 la_data_in[63]
 la_data_in[6]
 la_data_in[7]
 la_data_in[8]
 la_data_in[9]
 la_oenb[0]
 la_oenb[10]
 la_oenb[11]
 la_oenb[12]
 la_oenb[13]
 la_oenb[14]
 la_oenb[15]
 la_oenb[16]
 la_oenb[17]
 la_oenb[18]
 la_oenb[19]
 la_oenb[1]
 la_oenb[20]
 la_oenb[21]
 la_oenb[22]
 la_oenb[23]
 la_oenb[24]
 la_oenb[25]
 la_oenb[26]
 la_oenb[27]
 la_oenb[28]
 la_oenb[29]
 la_oenb[2]
 la_oenb[30]
 la_oenb[31]
 la_oenb[32]
 la_oenb[33]
 la_oenb[34]
 la_oenb[35]
 la_oenb[36]
 la_oenb[37]
 la_oenb[38]
 la_oenb[39]
 la_oenb[3]
 la_oenb[40]
 la_oenb[41]
 la_oenb[42]
 la_oenb[43]
 la_oenb[44]
 la_oenb[45]
 la_oenb[46]
 la_oenb[47]
 la_oenb[48]
 la_oenb[49]
 la_oenb[4]
 la_oenb[50]
 la_oenb[51]
 la_oenb[52]
 la_oenb[53]
 la_oenb[54]
 la_oenb[55]
 la_oenb[56]
 la_oenb[57]
 la_oenb[58]
 la_oenb[59]
 la_oenb[5]
 la_oenb[60]
 la_oenb[61]
 la_oenb[62]
 la_oenb[63]
 la_oenb[6]
 la_oenb[7]
 la_oenb[8]
 la_oenb[9]
 wb_rst_i
 wbs_adr_i[0]
 wbs_adr_i[10]
 wbs_adr_i[11]
 wbs_adr_i[12]
 wbs_adr_i[13]
 wbs_adr_i[14]
 wbs_adr_i[15]
 wbs_adr_i[16]
 wbs_adr_i[17]
 wbs_adr_i[18]
 wbs_adr_i[19]
 wbs_adr_i[1]
 wbs_adr_i[20]
 wbs_adr_i[21]
 wbs_adr_i[22]
 wbs_adr_i[23]
 wbs_adr_i[24]
 wbs_adr_i[25]
 wbs_adr_i[26]
 wbs_adr_i[27]
 wbs_adr_i[28]
 wbs_adr_i[29]
 wbs_adr_i[30]
 wbs_adr_i[31]
 wbs_adr_i[6]
 wbs_adr_i[7]
 wbs_adr_i[8]
 wbs_adr_i[9]
 wbs_sel_i[0]
 wbs_sel_i[1]
 wbs_sel_i[2]
 wbs_sel_i[3]
 clkload0/ZN
 clkload1/Z
 clkload10/Z
 clkload11/Z
 clkload12/Z
 clkload13/ZN
 clkload14/ZN
 clkload15/Z
 clkload16/Z
 clkload17/Z
 clkload18/ZN
 clkload19/ZN
 clkload2/Z
 clkload20/Z
 clkload21/ZN
 clkload22/Z
 clkload23/ZN
 clkload24/Z
 clkload25/Z
 clkload26/Z
 clkload27/Z
 clkload28/ZN
 clkload29/ZN
 clkload3/Z
 clkload30/ZN
 clkload31/Z
 clkload32/Z
 clkload33/ZN
 clkload34/ZN
 clkload35/Z
 clkload36/Z
 clkload37/ZN
 clkload38/ZN
 clkload39/ZN
 clkload4/Z
 clkload40/ZN
 clkload41/ZN
 clkload42/ZN
 clkload43/Z
 clkload44/Z
 clkload45/Z
 clkload46/Z
 clkload47/ZN
 clkload48/ZN
 clkload49/Z
 clkload5/Z
 clkload50/ZN
 clkload51/ZN
 clkload52/ZN
 clkload53/Z
 clkload54/Z
 clkload55/ZN
 clkload56/Z
 clkload57/ZN
 clkload6/Z
 clkload7/Z
 clkload8/Z
 clkload9/Z
Found 0 partially unannotated drivers.

===========================================================================
max slew violation count 0
max fanout violation count 87
max cap violation count 0
============================================================================

===========================================================================
check_setup -verbose -unconstrained_endpoints -multiple_clock -no_clock -no_input_delay -loops -generated_clocks
===========================================================================
