Clock: wb_clk_i
Sources: wb_clk_i 
Generated: no
Virtual: yes
Propagated: no
Period: 15.000000

===========================================================================
report_clock_properties
============================================================================
Clock                   Period          Waveform
----------------------------------------------------
wb_clk_i             15.000000    0.000000  7.500000

===========================================================================
report_clock_latency
============================================================================
Clock wb_clk_i
rise -> rise
    min     max
0.000000 0.000000 source latency
1.643368         network latency _21158_/CLK
        2.229647 network latency _20114_/CLK
---------------
1.643368 2.229647 latency
        0.586279 skew

fall -> fall
    min     max
0.000000 0.000000 source latency
1.607913         network latency _21158_/CLK
        2.227038 network latency _20114_/CLK
---------------
1.607913 2.227038 latency
        0.619125 skew



===========================================================================
report_clock_min_period
============================================================================
wb_clk_i period_min = 11.55 fmax = 86.56
