
===========================================================================
 report_power
============================================================================
======================= max_tt_025C_5v00 Corner ===================================

Group                    Internal    Switching      Leakage        Total
                            Power        Power        Power        Power (Watts)
------------------------------------------------------------------------
Sequential           7.102135e-02 2.580650e-02 4.551457e-07 9.682830e-02   2.2%
Combinational        2.125422e+00 2.231247e+00 3.042461e-06 4.356672e+00  97.0%
Clock                2.113065e-02 1.793778e-02 2.218327e-06 3.907065e-02   0.9%
Macro                0.000000e+00 0.000000e+00 0.000000e+00 0.000000e+00   0.0%
Pad                  0.000000e+00 0.000000e+00 0.000000e+00 0.000000e+00   0.0%
------------------------------------------------------------------------
Total                2.217579e+00 2.274992e+00 5.715362e-06 4.492577e+00 100.0%
                            49.4%        50.6%         0.0%

