Clock: wb_clk_i
Sources: wb_clk_i 
Generated: no
Virtual: yes
Propagated: no
Period: 15.000000

===========================================================================
report_clock_properties
============================================================================
Clock                   Period          Waveform
----------------------------------------------------
wb_clk_i             15.000000    0.000000  7.500000

===========================================================================
report_clock_latency
============================================================================
Clock wb_clk_i
rise -> rise
    min     max
0.000000 0.000000 source latency
1.578820         network latency _21158_/CLK
        2.143537 network latency _20114_/CLK
---------------
1.578820 2.143537 latency
        0.564718 skew

fall -> fall
    min     max
0.000000 0.000000 source latency
1.546955         network latency _21158_/CLK
        2.142028 network latency _20114_/CLK
---------------
1.546955 2.142028 latency
        0.595072 skew



===========================================================================
report_clock_min_period
============================================================================
wb_clk_i period_min = 11.05 fmax = 90.53
