
===========================================================================
 report_power
============================================================================
======================= nom_tt_025C_5v00 Corner ===================================

Group                    Internal    Switching      Leakage        Total
                            Power        Power        Power        Power (Watts)
------------------------------------------------------------------------
Sequential           7.085735e-02 2.384154e-02 4.551457e-07 9.469935e-02   2.2%
Combinational        2.111876e+00 2.111392e+00 3.042461e-06 4.223270e+00  97.0%
Clock                2.099801e-02 1.697807e-02 2.218327e-06 3.797830e-02   0.9%
Macro                0.000000e+00 0.000000e+00 0.000000e+00 0.000000e+00   0.0%
Pad                  0.000000e+00 0.000000e+00 0.000000e+00 0.000000e+00   0.0%
------------------------------------------------------------------------
Total                2.203734e+00 2.152212e+00 5.715362e-06 4.355952e+00 100.0%
                            50.6%        49.4%         0.0%

